2026-09-19 08:04:03,652 DEBUG [backend.app.services.bambu_mqtt] [-] [[SERIAL]] lights_report: [{'mode': 'off', 'node': 'chamber_light'}, {'mode': 'flashing', 'node': 'work_light'}]
2026-09-19 08:04:03,653 DEBUG [backend.app.services.bambu_mqtt] [-] [[SERIAL]] MQTT mapping field: [0]
2026-09-19 08:04:03,653 DEBUG [backend.app.services.bambu_mqtt] [-] [[SERIAL]] gcode_state: FINISH -> FINISH, file: /data/Metadata/plate_1.gcode, subtask: pa_pattern_calib_mode
2026-09-19 08:04:04,329 INFO [backend.app.api.routes.printers] [8943399b] [configure_ams_slot] printer_id=1, ams_id=0, tray_id=3
2026-09-19 08:04:04,329 INFO [backend.app.api.routes.printers] [8943399b] [configure_ams_slot] tray_info_idx='GFB99', tray_type='ABS', tray_sub_brands='ELEGOO ABS Basic'
2026-09-19 08:04:04,329 INFO [backend.app.api.routes.printers] [8943399b] [configure_ams_slot] setting_id='', kprofile_filament_id='P7b42787', kprofile_setting_id=''
2026-09-19 08:04:04,329 INFO [backend.app.api.routes.printers] [8943399b] [configure_ams_slot] realigning slot filament context to kp: tray_info_idx 'GFB99' → 'P7b42787', setting_id '' → ''
2026-09-19 08:04:04,329 INFO [backend.app.services.bambu_mqtt] [8943399b] [[SERIAL]] Publishing ams_filament_setting: AMS 0, tray 3, tray_info_idx=P7b42787, setting_id=P7b42787
2026-09-19 08:04:04,329 DEBUG [backend.app.services.bambu_mqtt] [8943399b] [[SERIAL]] ams_filament_setting command: {"print": {"command": "ams_filament_setting", "ams_id": 0, "tray_id": 3, "slot_id": 3, "tray_info_idx": "P7b42787", "tray_type": "ABS", "tray_sub_brands": "ELEGOO ABS Basic", "tray_color": "000000FF", "nozzle_temp_min": 240, "nozzle_temp_max": 280, "sequence_id": "0", "setting_id": "P7b42787"}}
2026-09-19 08:04:04,330 INFO [backend.app.services.bambu_mqtt] [8943399b] [[SERIAL]] Publishing extrusion_cali_sel: AMS 0, tray 3, cali_idx=31
2026-09-19 08:04:04,330 DEBUG [backend.app.services.bambu_mqtt] [8943399b] [[SERIAL]] extrusion_cali_sel command: {"print": {"command": "extrusion_cali_sel", "cali_idx": 31, "filament_id": "P7b42787", "nozzle_diameter": "0.4", "ams_id": 0, "tray_id": 3, "slot_id": 3, "sequence_id": "0"}}
2026-09-19 08:04:04,333 INFO [backend.app.api.routes.printers] [8943399b] [configure_ams_slot] Requesting status update from printer
2026-09-19 08:04:04,333 DEBUG [backend.app.services.bambu_mqtt] [8943399b] [[SERIAL]] Requesting status update (pushall)
2026-09-19 08:04:04,333 INFO [backend.app.api.routes.printers] [8943399b] [configure_ams_slot] Status update request result: True
2026-09-19 08:04:04,334 INFO [uvicorn.access] [-] [IP]:64407 - "POST /api/v1/printers/1/slots/0/3/configure?tray_info_idx=GFB99&tray_type=ABS&tray_sub_brands=ELEGOO+ABS+Basic&tray_color=000000FF&nozzle_temp_min=240&nozzle_temp_max=280&cali_idx=31&nozzle_diameter=0.4&kprofile_filament_id=P7b42787&k_value=0.5 HTTP/1.1" 200
2026-09-19 08:04:04,361 INFO [uvicorn.access] [-] [IP]:64407 - "PUT /api/v1/printers/1/slot-presets/0/3?preset_id=local_66&preset_name=ELEGOO%20ABS%20Basic&preset_source=local HTTP/1.1" 200
2026-09-19 08:04:04,390 DEBUG [backend.app.api.routes.printers] [9c20f36a] API returning ams_mapping: [], ams_extruder_map: {}
2026-09-19 08:04:04,390 DEBUG [backend.app.api.routes.printers] [9c20f36a] Using tray_now directly as global ID: 255
2026-09-19 08:04:04,612 DEBUG [backend.app.services.bambu_mqtt] [-] [[SERIAL]] Received command response: ams_filament_setting
2026-09-19 08:04:04,613 DEBUG [backend.app.services.bambu_mqtt] [-] [[SERIAL]] ams_filament_setting response: {'ams_id': 0, 'command': 'ams_filament_setting', 'is_from_mqtt': True, 'nozzle_temp_max': 280, 'nozzle_temp_min': 240, 'result': 'success', 'sequence_id': '0', 'setting_id': 'P7b42787', 'slot_id': 3, 'tray_color': '000000FF', 'tray_id': 3, 'tray_info_idx': 'P7b42787', 'tray_sub_brands': 'ELEGOO ABS Basic', 'tray_type': 'ABS'}
2026-09-19 08:04:04,614 DEBUG [backend.app.services.bambu_mqtt] [-] [[SERIAL]] MQTT mapping field: [0]
2026-09-19 08:04:04,615 DEBUG [backend.app.services.bambu_mqtt] [-] [[SERIAL]] Received command response: extrusion_cali_sel
2026-09-19 08:04:04,615 DEBUG [backend.app.services.bambu_mqtt] [-] [[SERIAL]] extrusion_cali_sel response: {'ams_id': 0, 'cali_idx': 31, 'command': 'extrusion_cali_sel', 'filament_id': 'P7b42787', 'is_from_mqtt': True, 'nozzle_diameter': '0.4', 'reason': '', 'result': 'success', 'sequence_id': '0', 'slot_id': 3, 'tray_id': 3}
2026-09-19 08:04:04,616 DEBUG [backend.app.services.bambu_mqtt] [-] [[SERIAL]] MQTT mapping field: [0]
2026-09-19 08:04:04,726 DEBUG [backend.app.services.bambu_mqtt] [-] [[SERIAL]] Found xcam inside print data: {'allow_skip_parts': False, 'buildplate_marker_detector': True, 'cfg': 8089015, 'first_layer_inspector': True, 'halt_print_sensitivity': 'medium', 'print_halt': True, 'printing_monitor': True, 'spaghetti_detector': True}
2026-09-19 08:04:04,727 DEBUG [backend.app.services.bambu_mqtt] [-] [[SERIAL]] Parsing xcam data - all fields: ['allow_skip_parts', 'buildplate_marker_detector', 'cfg', 'first_layer_inspector', 'halt_print_sensitivity', 'print_halt', 'printing_monitor', 'spaghetti_detector']
2026-09-19 08:04:04,727 DEBUG [backend.app.services.bambu_mqtt] [-] [[SERIAL]] xcam cfg bitmask: 8089015 (binary: 0b11110110110110110110111)
2026-09-19 08:04:04,727 DEBUG [backend.app.services.bambu_mqtt] [-] [[SERIAL]] Received gcode_state: FINISH, gcode_file: /data/Metadata/plate_1.gcode, subtask_name: pa_pattern_calib_mode
2026-09-19 08:04:04,727 DEBUG [backend.app.services.bambu_mqtt] [-] [[SERIAL]] AMS dict fields: {'ams_exist_bits': '3', 'ams_exist_bits_raw': '3', 'cali_id': 255, 'cali_stat': 0, 'cfs': [2, 9, 3, 4], 'insert_flag': False, 'power_on_flag': False, 'tray_exist_bits': 'ff', 'tray_hall_out_bits': '0', 'tray_is_bbl_bits': 'ff', 'tray_now': '255', 'tray_pre': '255', 'tray_read_done_bits': 'ff', 'tray_reading_bits': '0', 'tray_tar': '255', 'unbind_ams_stat': 0, 'version': 14017}
2026-09-19 08:04:04,728 INFO [backend.app.services.bambu_mqtt] [-] [[SERIAL]] Assignment verified: AMS0-T3 now reports P7B42787 (kprofile_applied=True)
2026-09-19 08:04:04,728 DEBUG [backend.app.services.bambu_mqtt] [-] [[SERIAL]] Received command response: push_status
2026-09-19 08:04:04,728 DEBUG [backend.app.services.bambu_mqtt] [-] [[SERIAL]] HMS data received: [{'attr': 83887616, 'code': 131184, 'ts_boot': 15307, 'ts_unix': '20260909011038'}]
2026-09-19 08:04:04,729 DEBUG [backend.app.services.bambu_mqtt] [-] [[SERIAL]] lights_report: [{'mode': 'off', 'node': 'chamber_light'}, {'mode': 'flashing', 'node': 'work_light'}]
2026-09-19 08:04:04,729 DEBUG [backend.app.services.bambu_mqtt] [-] [[SERIAL]] MQTT mapping field: [0]
2026-09-19 08:04:04,729 DEBUG [backend.app.services.bambu_mqtt] [-] [[SERIAL]] gcode_state: FINISH -> FINISH, file: /data/Metadata/plate_1.gcode, subtask: pa_pattern_calib_mode
2026-09-19 08:04:06,082 DEBUG [backend.app.services.bambu_mqtt] [-] [[SERIAL]] Found xcam inside print data: {'allow_skip_parts': False, 'buildplate_marker_detector': True, 'cfg': 8089015, 'first_layer_inspector': True, 'halt_print_sensitivity': 'medium', 'print_halt': True, 'printing_monitor': True, 'spaghetti_detector': True}
2026-09-19 08:04:06,082 DEBUG [backend.app.services.bambu_mqtt] [-] [[SERIAL]] Parsing xcam data - all fields: ['allow_skip_parts', 'buildplate_marker_detector', 'cfg', 'first_layer_inspector', 'halt_print_sensitivity', 'print_halt', 'printing_monitor', 'spaghetti_detector']
2026-09-19 08:04:06,082 DEBUG [backend.app.services.bambu_mqtt] [-] [[SERIAL]] xcam cfg bitmask: 8089015 (binary: 0b11110110110110110110111)
2026-09-19 08:04:06,083 DEBUG [backend.app.services.bambu_mqtt] [-] [[SERIAL]] Received gcode_state: FINISH, gcode_file: /data/Metadata/plate_1.gcode, subtask_name: pa_pattern_calib_mode
2026-09-19 08:04:06,083 DEBUG [backend.app.services.bambu_mqtt] [-] [[SERIAL]] AMS dict fields: {'ams_exist_bits': '3', 'ams_exist_bits_raw': '3', 'cali_id': 255, 'cali_stat': 0, 'cfs': [2, 9, 3, 4], 'insert_flag': False, 'power_on_flag': False, 'tray_exist_bits': 'ff', 'tray_hall_out_bits': '0', 'tray_is_bbl_bits': 'ff', 'tray_now': '255', 'tray_pre': '255', 'tray_read_done_bits': 'ff', 'tray_reading_bits': '0', 'tray_tar': '255', 'unbind_ams_stat': 0, 'version': 14018}
2026-09-19 08:04:06,084 DEBUG [backend.app.services.bambu_mqtt] [-] [[SERIAL]] Received command response: push_status
2026-09-19 08:04:06,084 DEBUG [backend.app.services.bambu_mqtt] [-] [[SERIAL]] HMS data received: [{'attr': 83887616, 'code': 131184, 'ts_boot': 15307, 'ts_unix': '20260909011038'}]
2026-09-19 08:04:06,085 DEBUG [backend.app.services.bambu_mqtt] [-] [[SERIAL]] lights_report: [{'mode': 'off', 'node': 'chamber_light'}, {'mode': 'flashing', 'node': 'work_light'}]
2026-09-19 08:04:06,085 DEBUG [backend.app.services.bambu_mqtt] [-] [[SERIAL]] MQTT mapping field: [0]
2026-09-19 08:04:06,085 DEBUG [backend.app.services.bambu_mqtt] [-] [[SERIAL]] gcode_state: FINISH -> FINISH, file: /data/Metadata/plate_1.gcode, subtask: pa_pattern_calib_mode
2026-09-19 08:04:07,148 DEBUG [backend.app.services.bambu_mqtt] [-] [[SERIAL]] Found xcam inside print data: {'allow_skip_parts': False, 'buildplate_marker_detector': True, 'cfg': 8089015, 'first_layer_inspector': True, 'halt_print_sensitivity': 'medium', 'print_halt': True, 'printing_monitor': True, 'spaghetti_detector': True}
2026-09-19 08:04:07,148 DEBUG [backend.app.services.bambu_mqtt] [-] [[SERIAL]] Parsing xcam data - all fields: ['allow_skip_parts', 'buildplate_marker_detector', 'cfg', 'first_layer_inspector', 'halt_print_sensitivity', 'print_halt', 'printing_monitor', 'spaghetti_detector']
2026-09-19 08:04:07,148 DEBUG [backend.app.services.bambu_mqtt] [-] [[SERIAL]] xcam cfg bitmask: 8089015 (binary: 0b11110110110110110110111)
2026-09-19 08:04:07,148 DEBUG [backend.app.services.bambu_mqtt] [-] [[SERIAL]] Received gcode_state: FINISH, gcode_file: /data/Metadata/plate_1.gcode, subtask_name: pa_pattern_calib_mode
2026-09-19 08:04:07,149 DEBUG [backend.app.services.bambu_mqtt] [-] [[SERIAL]] Received command response: push_status
2026-09-19 08:04:07,149 DEBUG [backend.app.services.bambu_mqtt] [-] [[SERIAL]] HMS data received: [{'attr': 83887616, 'code': 131184, 'ts_boot': 15307, 'ts_unix': '20260909011038'}]
2026-09-19 08:04:07,150 DEBUG [backend.app.services.bambu_mqtt] [-] [[SERIAL]] lights_report: [{'mode': 'off', 'node': 'chamber_light'}, {'mode': 'flashing', 'node': 'work_light'}]
2026-09-19 08:04:07,150 DEBUG [backend.app.services.bambu_mqtt] [-] [[SERIAL]] MQTT mapping field: [0]
2026-09-19 08:04:07,151 DEBUG [backend.app.services.bambu_mqtt] [-] [[SERIAL]] gcode_state: FINISH -> FINISH, file: /data/Metadata/plate_1.gcode, subtask: pa_pattern_calib_mode
2026-09-19 08:04:08,462 DEBUG [backend.app.services.bambu_mqtt] [-] [[SERIAL]] Found xcam inside print data: {'allow_skip_parts': False, 'buildplate_marker_detector': True, 'cfg': 8089015, 'first_layer_inspector': True, 'halt_print_sensitivity': 'medium', 'print_halt': True, 'printing_monitor': True, 'spaghetti_detector': True}
2026-09-19 08:04:08,462 DEBUG [backend.app.services.bambu_mqtt] [-] [[SERIAL]] Parsing xcam data - all fields: ['allow_skip_parts', 'buildplate_marker_detector', 'cfg', 'first_layer_inspector', 'halt_print_sensitivity', 'print_halt', 'printing_monitor', 'spaghetti_detector']
2026-09-19 08:04:08,462 DEBUG [backend.app.services.bambu_mqtt] [-] [[SERIAL]] xcam cfg bitmask: 8089015 (binary: 0b11110110110110110110111)
2026-09-19 08:04:08,462 DEBUG [backend.app.services.bambu_mqtt] [-] [[SERIAL]] Received gcode_state: FINISH, gcode_file: /data/Metadata/plate_1.gcode, subtask_name: pa_pattern_calib_mode
2026-09-19 08:04:08,463 DEBUG [backend.app.services.bambu_mqtt] [-] [[SERIAL]] Received command response: push_status
2026-09-19 08:04:08,463 DEBUG [backend.app.services.bambu_mqtt] [-] [[SERIAL]] HMS data received: [{'attr': 83887616, 'code': 131184, 'ts_boot': 15307, 'ts_unix': '20260909011038'}]
2026-09-19 08:04:08,464 DEBUG [backend.app.services.bambu_mqtt] [-] [[SERIAL]] lights_report: [{'mode': 'off', 'node': 'chamber_light'}, {'mode': 'flashing', 'node': 'work_light'}]
2026-09-19 08:04:08,464 DEBUG [backend.app.services.bambu_mqtt] [-] [[SERIAL]] MQTT mapping field: [0]
2026-09-19 08:04:08,465 DEBUG [backend.app.services.bambu_mqtt] [-] [[SERIAL]] gcode_state: FINISH -> FINISH, file: /data/Metadata/plate_1.gcode, subtask: pa_pattern_calib_mode
2026-09-19 08:04:09,515 DEBUG [backend.app.services.bambu_mqtt] [-] [[SERIAL]] Found xcam inside print data: {'allow_skip_parts': False, 'buildplate_marker_detector': True, 'cfg': 8089015, 'first_layer_inspector': True, 'halt_print_sensitivity': 'medium', 'print_halt': True, 'printing_monitor': True, 'spaghetti_detector': True}
2026-09-19 08:04:09,515 DEBUG [backend.app.services.bambu_mqtt] [-] [[SERIAL]] Parsing xcam data - all fields: ['allow_skip_parts', 'buildplate_marker_detector', 'cfg', 'first_layer_inspector', 'halt_print_sensitivity', 'print_halt', 'printing_monitor', 'spaghetti_detector']
2026-09-19 08:04:09,515 DEBUG [backend.app.services.bambu_mqtt] [-] [[SERIAL]] xcam cfg bitmask: 8089015 (binary: 0b11110110110110110110111)
2026-09-19 08:04:09,515 DEBUG [backend.app.services.bambu_mqtt] [-] [[SERIAL]] Received gcode_state: FINISH, gcode_file: /data/Metadata/plate_1.gcode, subtask_name: pa_pattern_calib_mode
2026-09-19 08:04:09,516 DEBUG [backend.app.services.bambu_mqtt] [-] [[SERIAL]] Received command response: push_status
2026-09-19 08:04:09,516 DEBUG [backend.app.services.bambu_mqtt] [-] [[SERIAL]] HMS data received: [{'attr': 83887616, 'code': 131184, 'ts_boot': 15307, 'ts_unix': '20260909011038'}]
2026-09-19 08:04:09,516 DEBUG [backend.app.services.bambu_mqtt] [-] [[SERIAL]] lights_report: [{'mode': 'off', 'node': 'chamber_light'}, {'mode': 'flashing', 'node': 'work_light'}]
2026-09-19 08:04:09,517 DEBUG [backend.app.services.bambu_mqtt] [-] [[SERIAL]] MQTT mapping field: [0]
2026-09-19 08:04:09,517 DEBUG [backend.app.services.bambu_mqtt] [-] [[SERIAL]] gcode_state: FINISH -> FINISH, file: /data/Metadata/plate_1.gcode, subtask: pa_pattern_calib_mode
2026-09-19 08:04:09,955 INFO [backend.app.main] [-] Recorded 2 AMS sensor history entries
2026-09-19 08:04:10,303 DEBUG [backend.app.main] [-] Recorded 4 printer sensor history entries
2026-09-19 08:04:10,811 DEBUG [backend.app.services.bambu_mqtt] [-] [[SERIAL]] Found xcam inside print data: {'allow_skip_parts': False, 'buildplate_marker_detector': True, 'cfg': 8089015, 'first_layer_inspector': True, 'halt_print_sensitivity': 'medium', 'print_halt': True, 'printing_monitor': True, 'spaghetti_detector': True}
2026-09-19 08:04:10,811 DEBUG [backend.app.services.bambu_mqtt] [-] [[SERIAL]] Parsing xcam data - all fields: ['allow_skip_parts', 'buildplate_marker_detector', 'cfg', 'first_layer_inspector', 'halt_print_sensitivity', 'print_halt', 'printing_monitor', 'spaghetti_detector']
2026-09-19 08:04:10,812 DEBUG [backend.app.services.bambu_mqtt] [-] [[SERIAL]] xcam cfg bitmask: 8089015 (binary: 0b11110110110110110110111)
2026-09-19 08:04:10,813 DEBUG [backend.app.services.bambu_mqtt] [-] [[SERIAL]] Received gcode_state: FINISH, gcode_file: /data/Metadata/plate_1.gcode, subtask_name: pa_pattern_calib_mode
2026-09-19 08:04:10,813 DEBUG [backend.app.services.bambu_mqtt] [-] [[SERIAL]] Received command response: push_status
2026-09-19 08:04:10,814 DEBUG [backend.app.services.bambu_mqtt] [-] [[SERIAL]] HMS data received: [{'attr': 83887616, 'code': 131184, 'ts_boot': 15307, 'ts_unix': '20260909011038'}]
2026-09-19 08:04:10,814 DEBUG [backend.app.services.bambu_mqtt] [-] [[SERIAL]] lights_report: [{'mode': 'off', 'node': 'chamber_light'}, {'mode': 'flashing', 'node': 'work_light'}]
2026-09-19 08:04:10,815 DEBUG [backend.app.services.bambu_mqtt] [-] [[SERIAL]] MQTT mapping field: [0]
2026-09-19 08:04:10,815 DEBUG [backend.app.services.bambu_mqtt] [-] [[SERIAL]] gcode_state: FINISH -> FINISH, file: /data/Metadata/plate_1.gcode, subtask: pa_pattern_calib_mode
2026-09-19 08:04:11,890 DEBUG [backend.app.services.bambu_mqtt] [-] [[SERIAL]] Found xcam inside print data: {'allow_skip_parts': False, 'buildplate_marker_detector': True, 'cfg': 8089015, 'first_layer_inspector': True, 'halt_print_sensitivity': 'medium', 'print_halt': True, 'printing_monitor': True, 'spaghetti_detector': True}
2026-09-19 08:04:11,891 DEBUG [backend.app.services.bambu_mqtt] [-] [[SERIAL]] Parsing xcam data - all fields: ['allow_skip_parts', 'buildplate_marker_detector', 'cfg', 'first_layer_inspector', 'halt_print_sensitivity', 'print_halt', 'printing_monitor', 'spaghetti_detector']
2026-09-19 08:04:11,891 DEBUG [backend.app.services.bambu_mqtt] [-] [[SERIAL]] xcam cfg bitmask: 8089015 (binary: 0b11110110110110110110111)
2026-09-19 08:04:11,891 DEBUG [backend.app.services.bambu_mqtt] [-] [[SERIAL]] Received gcode_state: FINISH, gcode_file: /data/Metadata/plate_1.gcode, subtask_name: pa_pattern_calib_mode
2026-09-19 08:04:11,891 DEBUG [backend.app.services.bambu_mqtt] [-] [[SERIAL]] Received command response: push_status
2026-09-19 08:04:11,892 DEBUG [backend.app.services.bambu_mqtt] [-] [[SERIAL]] HMS data received: [{'attr': 83887616, 'code': 131184, 'ts_boot': 15307, 'ts_unix': '20260909011038'}]
2026-09-19 08:04:11,892 DEBUG [backend.app.services.bambu_mqtt] [-] [[SERIAL]] lights_report: [{'mode': 'off', 'node': 'chamber_light'}, {'mode': 'flashing', 'node': 'work_light'}]
2026-09-19 08:04:11,893 DEBUG [backend.app.services.bambu_mqtt] [-] [[SERIAL]] MQTT mapping field: [0]
2026-09-19 08:04:11,893 DEBUG [backend.app.services.bambu_mqtt] [-] [[SERIAL]] gcode_state: FINISH -> FINISH, file: /data/Metadata/plate_1.gcode, subtask: pa_pattern_calib_mode
2026-09-19 08:04:13,215 DEBUG [backend.app.services.bambu_mqtt] [-] [[SERIAL]] Found xcam inside print data: {'allow_skip_parts': False, 'buildplate_marker_detector': True, 'cfg': 8089015, 'first_layer_inspector': True, 'halt_print_sensitivity': 'medium', 'print_halt': True, 'printing_monitor': True, 'spaghetti_detector': True}
2026-09-19 08:04:13,215 DEBUG [backend.app.services.bambu_mqtt] [-] [[SERIAL]] Parsing xcam data - all fields: ['allow_skip_parts', 'buildplate_marker_detector', 'cfg', 'first_layer_inspector', 'halt_print_sensitivity', 'print_halt', 'printing_monitor', 'spaghetti_detector']
2026-09-19 08:04:13,215 DEBUG [backend.app.services.bambu_mqtt] [-] [[SERIAL]] xcam cfg bitmask: 8089015 (binary: 0b11110110110110110110111)
2026-09-19 08:04:13,216 DEBUG [backend.app.services.bambu_mqtt] [-] [[SERIAL]] Received gcode_state: FINISH, gcode_file: /data/Metadata/plate_1.gcode, subtask_name: pa_pattern_calib_mode
2026-09-19 08:04:13,216 DEBUG [backend.app.services.bambu_mqtt] [-] [[SERIAL]] Received command response: push_status
2026-09-19 08:04:13,217 DEBUG [backend.app.services.bambu_mqtt] [-] [[SERIAL]] HMS data received: [{'attr': 83887616, 'code': 131184, 'ts_boot': 15307, 'ts_unix': '20260909011038'}]
2026-09-19 08:04:13,217 DEBUG [backend.app.services.bambu_mqtt] [-] [[SERIAL]] lights_report: [{'mode': 'off', 'node': 'chamber_light'}, {'mode': 'flashing', 'node': 'work_light'}]
2026-09-19 08:04:13,217 DEBUG [backend.app.services.bambu_mqtt] [-] [[SERIAL]] MQTT mapping field: [0]
2026-09-19 08:04:13,218 DEBUG [backend.app.services.bambu_mqtt] [-] [[SERIAL]] gcode_state: FINISH -> FINISH, file: /data/Metadata/plate_1.gcode, subtask: pa_pattern_calib_mode
2026-09-19 08:04:14,292 DEBUG [backend.app.services.bambu_mqtt] [-] [[SERIAL]] Found xcam inside print data: {'allow_skip_parts': False, 'buildplate_marker_detector': True, 'cfg': 8089015, 'first_layer_inspector': True, 'halt_print_sensitivity': 'medium', 'print_halt': True, 'printing_monitor': True, 'spaghetti_detector': True}
2026-09-19 08:04:14,292 DEBUG [backend.app.services.bambu_mqtt] [-] [[SERIAL]] Parsing xcam data - all fields: ['allow_skip_parts', 'buildplate_marker_detector', 'cfg', 'first_layer_inspector', 'halt_print_sensitivity', 'print_halt', 'printing_monitor', 'spaghetti_detector']
2026-09-19 08:04:14,293 DEBUG [backend.app.services.bambu_mqtt] [-] [[SERIAL]] xcam cfg bitmask: 8089015 (binary: 0b11110110110110110110111)
2026-09-19 08:04:14,293 DEBUG [backend.app.services.bambu_mqtt] [-] [[SERIAL]] Received gcode_state: FINISH, gcode_file: /data/Metadata/plate_1.gcode, subtask_name: pa_pattern_calib_mode
2026-09-19 08:04:14,294 DEBUG [backend.app.services.bambu_mqtt] [-] [[SERIAL]] Received command response: push_status
2026-09-19 08:04:14,294 DEBUG [backend.app.services.bambu_mqtt] [-] [[SERIAL]] HMS data received: [{'attr': 83887616, 'code': 131184, 'ts_boot': 15307, 'ts_unix': '20260909011038'}]
2026-09-19 08:04:14,295 DEBUG [backend.app.services.bambu_mqtt] [-] [[SERIAL]] lights_report: [{'mode': 'off', 'node': 'chamber_light'}, {'mode': 'flashing', 'node': 'work_light'}]
2026-09-19 08:04:14,295 DEBUG [backend.app.services.bambu_mqtt] [-] [[SERIAL]] MQTT mapping field: [0]
2026-09-19 08:04:14,296 DEBUG [backend.app.services.bambu_mqtt] [-] [[SERIAL]] gcode_state: FINISH -> FINISH, file: /data/Metadata/plate_1.gcode, subtask: pa_pattern_calib_mode
2026-09-19 08:04:15,576 DEBUG [backend.app.services.bambu_mqtt] [-] [[SERIAL]] Found xcam inside print data: {'allow_skip_parts': False, 'buildplate_marker_detector': True, 'cfg': 8089015, 'first_layer_inspector': True, 'halt_print_sensitivity': 'medium', 'print_halt': True, 'printing_monitor': True, 'spaghetti_detector': True}
2026-09-19 08:04:15,577 DEBUG [backend.app.services.bambu_mqtt] [-] [[SERIAL]] Parsing xcam data - all fields: ['allow_skip_parts', 'buildplate_marker_detector', 'cfg', 'first_layer_inspector', 'halt_print_sensitivity', 'print_halt', 'printing_monitor', 'spaghetti_detector']
2026-09-19 08:04:15,577 DEBUG [backend.app.services.bambu_mqtt] [-] [[SERIAL]] xcam cfg bitmask: 8089015 (binary: 0b11110110110110110110111)
2026-09-19 08:04:15,577 DEBUG [backend.app.services.bambu_mqtt] [-] [[SERIAL]] Received gcode_state: FINISH, gcode_file: /data/Metadata/plate_1.gcode, subtask_name: pa_pattern_calib_mode
2026-09-19 08:04:15,578 DEBUG [backend.app.services.bambu_mqtt] [-] [[SERIAL]] Received command response: push_status
2026-09-19 08:04:15,579 DEBUG [backend.app.services.bambu_mqtt] [-] [[SERIAL]] HMS data received: [{'attr': 83887616, 'code': 131184, 'ts_boot': 15307, 'ts_unix': '20260909011038'}]
2026-09-19 08:04:15,579 DEBUG [backend.app.services.bambu_mqtt] [-] [[SERIAL]] lights_report: [{'mode': 'off', 'node': 'chamber_light'}, {'mode': 'flashing', 'node': 'work_light'}]
2026-09-19 08:04:15,580 DEBUG [backend.app.services.bambu_mqtt] [-] [[SERIAL]] MQTT mapping field: [0]
2026-09-19 08:04:15,580 DEBUG [backend.app.services.bambu_mqtt] [-] [[SERIAL]] gcode_state: FINISH -> FINISH, file: /data/Metadata/plate_1.gcode, subtask: pa_pattern_calib_mode
2026-09-19 08:04:16,642 DEBUG [backend.app.services.bambu_mqtt] [-] [[SERIAL]] Found xcam inside print data: {'allow_skip_parts': False, 'buildplate_marker_detector': True, 'cfg': 8089015, 'first_layer_inspector': True, 'halt_print_sensitivity': 'medium', 'print_halt': True, 'printing_monitor': True, 'spaghetti_detector': True}
2026-09-19 08:04:16,642 DEBUG [backend.app.services.bambu_mqtt] [-] [[SERIAL]] Parsing xcam data - all fields: ['allow_skip_parts', 'buildplate_marker_detector', 'cfg', 'first_layer_inspector', 'halt_print_sensitivity', 'print_halt', 'printing_monitor', 'spaghetti_detector']
2026-09-19 08:04:16,642 DEBUG [backend.app.services.bambu_mqtt] [-] [[SERIAL]] xcam cfg bitmask: 8089015 (binary: 0b11110110110110110110111)
2026-09-19 08:04:16,642 DEBUG [backend.app.services.bambu_mqtt] [-] [[SERIAL]] Received gcode_state: FINISH, gcode_file: /data/Metadata/plate_1.gcode, subtask_name: pa_pattern_calib_mode
2026-09-19 08:04:16,642 DEBUG [backend.app.services.bambu_mqtt] [-] [[SERIAL]] Received command response: push_status
2026-09-19 08:04:16,643 DEBUG [backend.app.services.bambu_mqtt] [-] [[SERIAL]] HMS data received: [{'attr': 83887616, 'code': 131184, 'ts_boot': 15307, 'ts_unix': '20260909011038'}]
2026-09-19 08:04:16,643 DEBUG [backend.app.services.bambu_mqtt] [-] [[SERIAL]] lights_report: [{'mode': 'off', 'node': 'chamber_light'}, {'mode': 'flashing', 'node': 'work_light'}]
2026-09-19 08:04:16,643 DEBUG [backend.app.services.bambu_mqtt] [-] [[SERIAL]] MQTT mapping field: [0]
2026-09-19 08:04:16,643 DEBUG [backend.app.services.bambu_mqtt] [-] [[SERIAL]] gcode_state: FINISH -> FINISH, file: /data/Metadata/plate_1.gcode, subtask: pa_pattern_calib_mode
2026-09-19 08:04:17,893 DEBUG [backend.app.services.bambu_mqtt] [-] [[SERIAL]] Found xcam inside print data: {'allow_skip_parts': False, 'buildplate_marker_detector': True, 'cfg': 8089015, 'first_layer_inspector': True, 'halt_print_sensitivity': 'medium', 'print_halt': True, 'printing_monitor': True, 'spaghetti_detector': True}
2026-09-19 08:04:17,893 DEBUG [backend.app.services.bambu_mqtt] [-] [[SERIAL]] Parsing xcam data - all fields: ['allow_skip_parts', 'buildplate_marker_detector', 'cfg', 'first_layer_inspector', 'halt_print_sensitivity', 'print_halt', 'printing_monitor', 'spaghetti_detector']
2026-09-19 08:04:17,894 DEBUG [backend.app.services.bambu_mqtt] [-] [[SERIAL]] xcam cfg bitmask: 8089015 (binary: 0b11110110110110110110111)
2026-09-19 08:04:17,894 DEBUG [backend.app.services.bambu_mqtt] [-] [[SERIAL]] Received gcode_state: FINISH, gcode_file: /data/Metadata/plate_1.gcode, subtask_name: pa_pattern_calib_mode
2026-09-19 08:04:17,894 DEBUG [backend.app.services.bambu_mqtt] [-] [[SERIAL]] Received command response: push_status
2026-09-19 08:04:17,895 DEBUG [backend.app.services.bambu_mqtt] [-] [[SERIAL]] HMS data received: [{'attr': 83887616, 'code': 131184, 'ts_boot': 15307, 'ts_unix': '20260909011038'}]
2026-09-19 08:04:17,895 DEBUG [backend.app.services.bambu_mqtt] [-] [[SERIAL]] lights_report: [{'mode': 'off', 'node': 'chamber_light'}, {'mode': 'flashing', 'node': 'work_light'}]
2026-09-19 08:04:17,896 DEBUG [backend.app.services.bambu_mqtt] [-] [[SERIAL]] MQTT mapping field: [0]
2026-09-19 08:04:17,896 DEBUG [backend.app.services.bambu_mqtt] [-] [[SERIAL]] gcode_state: FINISH -> FINISH, file: /data/Metadata/plate_1.gcode, subtask: pa_pattern_calib_mode
2026-09-19 08:04:18,950 DEBUG [backend.app.services.bambu_mqtt] [-] [[SERIAL]] Found xcam inside print data: {'allow_skip_parts': False, 'buildplate_marker_detector': True, 'cfg': 8089015, 'first_layer_inspector': True, 'halt_print_sensitivity': 'medium', 'print_halt': True, 'printing_monitor': True, 'spaghetti_detector': True}
2026-09-19 08:04:18,950 DEBUG [backend.app.services.bambu_mqtt] [-] [[SERIAL]] Parsing xcam data - all fields: ['allow_skip_parts', 'buildplate_marker_detector', 'cfg', 'first_layer_inspector', 'halt_print_sensitivity', 'print_halt', 'printing_monitor', 'spaghetti_detector']
2026-09-19 08:04:18,951 DEBUG [backend.app.services.bambu_mqtt] [-] [[SERIAL]] xcam cfg bitmask: 8089015 (binary: 0b11110110110110110110111)
2026-09-19 08:04:18,951 DEBUG [backend.app.services.bambu_mqtt] [-] [[SERIAL]] Received gcode_state: FINISH, gcode_file: /data/Metadata/plate_1.gcode, subtask_name: pa_pattern_calib_mode
2026-09-19 08:04:18,951 DEBUG [backend.app.services.bambu_mqtt] [-] [[SERIAL]] Received command response: push_status
2026-09-19 08:04:18,952 DEBUG [backend.app.services.bambu_mqtt] [-] [[SERIAL]] HMS data received: [{'attr': 83887616, 'code': 131184, 'ts_boot': 15307, 'ts_unix': '20260909011038'}]
2026-09-19 08:04:18,952 DEBUG [backend.app.services.bambu_mqtt] [-] [[SERIAL]] lights_report: [{'mode': 'off', 'node': 'chamber_light'}, {'mode': 'flashing', 'node': 'work_light'}]
2026-09-19 08:04:18,953 DEBUG [backend.app.services.bambu_mqtt] [-] [[SERIAL]] MQTT mapping field: [0]
2026-09-19 08:04:18,953 DEBUG [backend.app.services.bambu_mqtt] [-] [[SERIAL]] gcode_state: FINISH -> FINISH, file: /data/Metadata/plate_1.gcode, subtask: pa_pattern_calib_mode
2026-09-19 08:04:20,261 DEBUG [backend.app.services.bambu_mqtt] [-] [[SERIAL]] Found xcam inside print data: {'allow_skip_parts': False, 'buildplate_marker_detector': True, 'cfg': 8089015, 'first_layer_inspector': True, 'halt_print_sensitivity': 'medium', 'print_halt': True, 'printing_monitor': True, 'spaghetti_detector': True}
2026-09-19 08:04:20,261 DEBUG [backend.app.services.bambu_mqtt] [-] [[SERIAL]] Parsing xcam data - all fields: ['allow_skip_parts', 'buildplate_marker_detector', 'cfg', 'first_layer_inspector', 'halt_print_sensitivity', 'print_halt', 'printing_monitor', 'spaghetti_detector']
2026-09-19 08:04:20,262 DEBUG [backend.app.services.bambu_mqtt] [-] [[SERIAL]] xcam cfg bitmask: 8089015 (binary: 0b11110110110110110110111)
2026-09-19 08:04:20,262 DEBUG [backend.app.services.bambu_mqtt] [-] [[SERIAL]] Received gcode_state: FINISH, gcode_file: /data/Metadata/plate_1.gcode, subtask_name: pa_pattern_calib_mode
2026-09-19 08:04:20,262 DEBUG [backend.app.services.bambu_mqtt] [-] [[SERIAL]] Received command response: push_status
2026-09-19 08:04:20,263 DEBUG [backend.app.services.bambu_mqtt] [-] [[SERIAL]] HMS data received: [{'attr': 83887616, 'code': 131184, 'ts_boot': 15307, 'ts_unix': '20260909011038'}]
2026-09-19 08:04:20,264 DEBUG [backend.app.services.bambu_mqtt] [-] [[SERIAL]] lights_report: [{'mode': 'off', 'node': 'chamber_light'}, {'mode': 'flashing', 'node': 'work_light'}]
2026-09-19 08:04:20,264 DEBUG [backend.app.services.bambu_mqtt] [-] [[SERIAL]] MQTT mapping field: [0]
2026-09-19 08:04:20,264 DEBUG [backend.app.services.bambu_mqtt] [-] [[SERIAL]] gcode_state: FINISH -> FINISH, file: /data/Metadata/plate_1.gcode, subtask: pa_pattern_calib_mode
2026-09-19 08:04:21,300 DEBUG [backend.app.services.bambu_mqtt] [-] [[SERIAL]] Found xcam inside print data: {'allow_skip_parts': False, 'buildplate_marker_detector': True, 'cfg': 8089015, 'first_layer_inspector': True, 'halt_print_sensitivity': 'medium', 'print_halt': True, 'printing_monitor': True, 'spaghetti_detector': True}
2026-09-19 08:04:21,301 DEBUG [backend.app.services.bambu_mqtt] [-] [[SERIAL]] Parsing xcam data - all fields: ['allow_skip_parts', 'buildplate_marker_detector', 'cfg', 'first_layer_inspector', 'halt_print_sensitivity', 'print_halt', 'printing_monitor', 'spaghetti_detector']
2026-09-19 08:04:21,301 DEBUG [backend.app.services.bambu_mqtt] [-] [[SERIAL]] xcam cfg bitmask: 8089015 (binary: 0b11110110110110110110111)
2026-09-19 08:04:21,301 DEBUG [backend.app.services.bambu_mqtt] [-] [[SERIAL]] Received gcode_state: FINISH, gcode_file: /data/Metadata/plate_1.gcode, subtask_name: pa_pattern_calib_mode
2026-09-19 08:04:21,301 DEBUG [backend.app.services.bambu_mqtt] [-] [[SERIAL]] Received command response: push_status
2026-09-19 08:04:21,302 DEBUG [backend.app.services.bambu_mqtt] [-] [[SERIAL]] HMS data received: [{'attr': 83887616, 'code': 131184, 'ts_boot': 15307, 'ts_unix': '20260909011038'}]
2026-09-19 08:04:21,302 DEBUG [backend.app.services.bambu_mqtt] [-] [[SERIAL]] lights_report: [{'mode': 'off', 'node': 'chamber_light'}, {'mode': 'flashing', 'node': 'work_light'}]
2026-09-19 08:04:21,303 DEBUG [backend.app.services.bambu_mqtt] [-] [[SERIAL]] MQTT mapping field: [0]
2026-09-19 08:04:21,303 DEBUG [backend.app.services.bambu_mqtt] [-] [[SERIAL]] gcode_state: FINISH -> FINISH, file: /data/Metadata/plate_1.gcode, subtask: pa_pattern_calib_mode
2026-09-19 08:04:22,364 DEBUG [backend.app.services.bambu_mqtt] [-] [[SERIAL]] Found xcam inside print data: {'allow_skip_parts': False, 'buildplate_marker_detector': True, 'cfg': 8089015, 'first_layer_inspector': True, 'halt_print_sensitivity': 'medium', 'print_halt': True, 'printing_monitor': True, 'spaghetti_detector': True}
2026-09-19 08:04:22,364 DEBUG [backend.app.services.bambu_mqtt] [-] [[SERIAL]] Parsing xcam data - all fields: ['allow_skip_parts', 'buildplate_marker_detector', 'cfg', 'first_layer_inspector', 'halt_print_sensitivity', 'print_halt', 'printing_monitor', 'spaghetti_detector']
2026-09-19 08:04:22,364 DEBUG [backend.app.services.bambu_mqtt] [-] [[SERIAL]] xcam cfg bitmask: 8089015 (binary: 0b11110110110110110110111)
2026-09-19 08:04:22,364 DEBUG [backend.app.services.bambu_mqtt] [-] [[SERIAL]] Received gcode_state: FINISH, gcode_file: /data/Metadata/plate_1.gcode, subtask_name: pa_pattern_calib_mode
2026-09-19 08:04:22,365 DEBUG [backend.app.services.bambu_mqtt] [-] [[SERIAL]] Received command response: push_status
2026-09-19 08:04:22,365 DEBUG [backend.app.services.bambu_mqtt] [-] [[SERIAL]] HMS data received: [{'attr': 83887616, 'code': 131184, 'ts_boot': 15307, 'ts_unix': '20260909011038'}]
2026-09-19 08:04:22,366 DEBUG [backend.app.services.bambu_mqtt] [-] [[SERIAL]] lights_report: [{'mode': 'off', 'node': 'chamber_light'}, {'mode': 'flashing', 'node': 'work_light'}]
2026-09-19 08:04:22,366 DEBUG [backend.app.services.bambu_mqtt] [-] [[SERIAL]] MQTT mapping field: [0]
2026-09-19 08:04:22,366 DEBUG [backend.app.services.bambu_mqtt] [-] [[SERIAL]] gcode_state: FINISH -> FINISH, file: /data/Metadata/plate_1.gcode, subtask: pa_pattern_calib_mode
2026-09-19 08:04:23,445 DEBUG [backend.app.services.bambu_mqtt] [-] [[SERIAL]] Found xcam inside print data: {'allow_skip_parts': False, 'buildplate_marker_detector': True, 'cfg': 8089015, 'first_layer_inspector': True, 'halt_print_sensitivity': 'medium', 'print_halt': True, 'printing_monitor': True, 'spaghetti_detector': True}
2026-09-19 08:04:23,445 DEBUG [backend.app.services.bambu_mqtt] [-] [[SERIAL]] Parsing xcam data - all fields: ['allow_skip_parts', 'buildplate_marker_detector', 'cfg', 'first_layer_inspector', 'halt_print_sensitivity', 'print_halt', 'printing_monitor', 'spaghetti_detector']
2026-09-19 08:04:23,446 DEBUG [backend.app.services.bambu_mqtt] [-] [[SERIAL]] xcam cfg bitmask: 8089015 (binary: 0b11110110110110110110111)
2026-09-19 08:04:23,446 DEBUG [backend.app.services.bambu_mqtt] [-] [[SERIAL]] Received gcode_state: FINISH, gcode_file: /data/Metadata/plate_1.gcode, subtask_name: pa_pattern_calib_mode
2026-09-19 08:04:23,446 DEBUG [backend.app.services.bambu_mqtt] [-] [[SERIAL]] Received command response: push_status
2026-09-19 08:04:23,447 DEBUG [backend.app.services.bambu_mqtt] [-] [[SERIAL]] HMS data received: [{'attr': 83887616, 'code': 131184, 'ts_boot': 15307, 'ts_unix': '20260909011038'}]
2026-09-19 08:04:23,447 DEBUG [backend.app.services.bambu_mqtt] [-] [[SERIAL]] lights_report: [{'mode': 'off', 'node': 'chamber_light'}, {'mode': 'flashing', 'node': 'work_light'}]
2026-09-19 08:04:23,448 DEBUG [backend.app.services.bambu_mqtt] [-] [[SERIAL]] MQTT mapping field: [0]
2026-09-19 08:04:23,448 DEBUG [backend.app.services.bambu_mqtt] [-] [[SERIAL]] gcode_state: FINISH -> FINISH, file: /data/Metadata/plate_1.gcode, subtask: pa_pattern_calib_mode
2026-09-19 08:04:24,496 DEBUG [backend.app.services.bambu_mqtt] [-] [[SERIAL]] Found xcam inside print data: {'allow_skip_parts': False, 'buildplate_marker_detector': True, 'cfg': 8089015, 'first_layer_inspector': True, 'halt_print_sensitivity': 'medium', 'print_halt': True, 'printing_monitor': True, 'spaghetti_detector': True}
2026-09-19 08:04:24,496 DEBUG [backend.app.services.bambu_mqtt] [-] [[SERIAL]] Parsing xcam data - all fields: ['allow_skip_parts', 'buildplate_marker_detector', 'cfg', 'first_layer_inspector', 'halt_print_sensitivity', 'print_halt', 'printing_monitor', 'spaghetti_detector']
2026-09-19 08:04:24,497 DEBUG [backend.app.services.bambu_mqtt] [-] [[SERIAL]] xcam cfg bitmask: 8089015 (binary: 0b11110110110110110110111)
2026-09-19 08:04:24,497 DEBUG [backend.app.services.bambu_mqtt] [-] [[SERIAL]] Received gcode_state: FINISH, gcode_file: /data/Metadata/plate_1.gcode, subtask_name: pa_pattern_calib_mode
2026-09-19 08:04:24,497 DEBUG [backend.app.services.bambu_mqtt] [-] [[SERIAL]] Received command response: push_status
2026-09-19 08:04:24,498 DEBUG [backend.app.services.bambu_mqtt] [-] [[SERIAL]] HMS data received: [{'attr': 83887616, 'code': 131184, 'ts_boot': 15307, 'ts_unix': '20260909011038'}]
2026-09-19 08:04:24,498 DEBUG [backend.app.services.bambu_mqtt] [-] [[SERIAL]] lights_report: [{'mode': 'off', 'node': 'chamber_light'}, {'mode': 'flashing', 'node': 'work_light'}]
2026-09-19 08:04:24,499 DEBUG [backend.app.services.bambu_mqtt] [-] [[SERIAL]] MQTT mapping field: [0]
2026-09-19 08:04:24,499 DEBUG [backend.app.services.bambu_mqtt] [-] [[SERIAL]] gcode_state: FINISH -> FINISH, file: /data/Metadata/plate_1.gcode, subtask: pa_pattern_calib_mode
2026-09-19 08:04:25,801 DEBUG [backend.app.services.bambu_mqtt] [-] [[SERIAL]] Found xcam inside print data: {'allow_skip_parts': False, 'buildplate_marker_detector': True, 'cfg': 8089015, 'first_layer_inspector': True, 'halt_print_sensitivity': 'medium', 'print_halt': True, 'printing_monitor': True, 'spaghetti_detector': True}
2026-09-19 08:04:25,802 DEBUG [backend.app.services.bambu_mqtt] [-] [[SERIAL]] Parsing xcam data - all fields: ['allow_skip_parts', 'buildplate_marker_detector', 'cfg', 'first_layer_inspector', 'halt_print_sensitivity', 'print_halt', 'printing_monitor', 'spaghetti_detector']
2026-09-19 08:04:25,802 DEBUG [backend.app.services.bambu_mqtt] [-] [[SERIAL]] xcam cfg bitmask: 8089015 (binary: 0b11110110110110110110111)
2026-09-19 08:04:25,802 DEBUG [backend.app.services.bambu_mqtt] [-] [[SERIAL]] Received gcode_state: FINISH, gcode_file: /data/Metadata/plate_1.gcode, subtask_name: pa_pattern_calib_mode
2026-09-19 08:04:25,802 DEBUG [backend.app.services.bambu_mqtt] [-] [[SERIAL]] Received command response: push_status
2026-09-19 08:04:25,803 DEBUG [backend.app.services.bambu_mqtt] [-] [[SERIAL]] HMS data received: [{'attr': 83887616, 'code': 131184, 'ts_boot': 15307, 'ts_unix': '20260909011038'}]
2026-09-19 08:04:25,804 DEBUG [backend.app.services.bambu_mqtt] [-] [[SERIAL]] lights_report: [{'mode': 'off', 'node': 'chamber_light'}, {'mode': 'flashing', 'node': 'work_light'}]
2026-09-19 08:04:25,804 DEBUG [backend.app.services.bambu_mqtt] [-] [[SERIAL]] MQTT mapping field: [0]
2026-09-19 08:04:25,804 DEBUG [backend.app.services.bambu_mqtt] [-] [[SERIAL]] gcode_state: FINISH -> FINISH, file: /data/Metadata/plate_1.gcode, subtask: pa_pattern_calib_mode