2026-09-17 16:42:18,912 INFO [backend.app.services.camera] [81d40dd0] Capturing camera frame bytes from [IP] using chamber image protocol (model: A1)
2026-09-17 16:42:21,535 INFO [backend.app.services.camera] [81d40dd0] Saved camera frame to: /tmp/tmpsensrky6.jpg
2026-09-17 16:42:27,382 INFO [backend.app.services.camera] [ba4fcb4d] Capturing camera frame bytes from [IP] using chamber image protocol (model: A1)
2026-09-17 16:42:30,044 INFO [backend.app.services.camera] [ba4fcb4d] Saved camera frame to: /tmp/tmpn7qayr4h.jpg
2026-09-17 16:42:35,541 INFO [backend.app.services.camera] [8ebbe309] Capturing camera frame bytes from [IP] using chamber image protocol (model: A1)
2026-09-17 16:42:38,273 INFO [backend.app.services.camera] [8ebbe309] Saved camera frame to: /tmp/tmpp2jjhejt.jpg
2026-09-17 16:42:39,784 INFO [backend.app.main] [-] [SNAPSHOT] Using buffered frame for printer 2: 121361 bytes
2026-09-17 16:42:43,031 INFO [backend.app.services.camera] [63774eb2] Capturing camera frame bytes from [IP] using chamber image protocol (model: A1)
2026-09-17 16:42:45,636 INFO [backend.app.services.camera] [63774eb2] Saved camera frame to: /tmp/tmp3d1mmckc.jpg
2026-09-17 16:42:51,013 INFO [backend.app.services.camera] [043d539a] Capturing camera frame bytes from [IP] using chamber image protocol (model: A1)
2026-09-17 16:42:53,864 INFO [backend.app.services.camera] [043d539a] Saved camera frame to: /tmp/tmp6nufoyx6.jpg
2026-09-17 16:42:59,047 INFO [backend.app.services.camera] [e8e7132b] Capturing camera frame bytes from [IP] using chamber image protocol (model: A1)
2026-09-17 16:43:01,637 INFO [backend.app.services.camera] [e8e7132b] Saved camera frame to: /tmp/tmp7wh90net.jpg
2026-09-17 16:43:06,076 INFO [backend.app.api.routes.camera] [d4f11b96] Using chamber image protocol for A1
2026-09-17 16:43:06,077 INFO [backend.app.api.routes.camera] [d4f11b96] Camera viewer attached to printer-3 (subscribers=1)
2026-09-17 16:43:06,093 INFO [backend.app.api.routes.camera] [d4f11b96] Starting chamber image stream for [IP] (stream_id=3-fanout-1463e4ed, model=A1)
2026-09-17 16:43:06,937 INFO [backend.app.main] [-] [SNAPSHOT] Using buffered frame for printer 2: 123632 bytes
2026-09-17 16:43:07,001 INFO [backend.app.services.camera] [d4f11b96] Chamber image: connected to [IP]:6000
2026-09-17 16:43:07,437 INFO [backend.app.services.camera] [df9b1772] Capturing camera frame bytes from [IP] using chamber image protocol (model: A1)
2026-09-17 16:43:09,456 INFO [backend.app.main] [-] [SNAPSHOT] Using buffered frame for printer 2: 120309 bytes
2026-09-17 16:43:09,665 INFO [backend.app.services.camera] [df9b1772] Saved camera frame to: /tmp/tmpw_dwx80m.jpg
2026-09-17 16:43:12,874 INFO [backend.app.main] [-] [SNAPSHOT] Using buffered frame for printer 1: 96620 bytes
2026-09-17 16:43:12,876 INFO [backend.app.main] [-] [SNAPSHOT] Using buffered frame for printer 1: 96620 bytes
2026-09-17 16:43:13,974 INFO [backend.app.api.routes.camera] [f8241a01] Skipping force-shutdown for printer 3: 1 subscriber(s) still attached; natural cleanup will tear down when last viewer disconnects
2026-09-17 16:43:13,995 INFO [uvicorn.access] [-] [IP]:33958 - "POST /api/v1/printers/3/camera/stop HTTP/1.1" 200
2026-09-17 16:43:14,460 INFO [backend.app.api.routes.camera] [1423dc58] Camera viewer detached from printer-3 (subscribers=0)
2026-09-17 16:43:17,377 INFO [backend.app.api.routes.camera] [57f4c2b8] Skipping force-shutdown for printer 1: 1 subscriber(s) still attached; natural cleanup will tear down when last viewer disconnects
2026-09-17 16:43:17,468 INFO [uvicorn.access] [-] [IP]:33972 - "POST /api/v1/printers/1/camera/stop HTTP/1.1" 200
2026-09-17 16:43:17,868 INFO [backend.app.api.routes.camera] [29df4e47] Skipping force-shutdown for printer 2: 2 subscriber(s) still attached; natural cleanup will tear down when last viewer disconnects
2026-09-17 16:43:17,881 INFO [uvicorn.access] [-] [IP]:33988 - "POST /api/v1/printers/2/camera/stop HTTP/1.1" 200
2026-09-17 16:43:17,979 INFO [backend.app.api.routes.cloud] [f16002bf] get_filament_info called with 1 IDs: ['GFG98']
2026-09-17 16:43:18,398 INFO [uvicorn.access] [-] [IP]:33990 - "POST /api/v1/cloud/filament-info HTTP/1.1" 200
2026-09-17 16:43:19,512 INFO [backend.app.api.routes.camera] [d4f11b96] Chamber image stream cancelled (stream_id=3-fanout-1463e4ed)
2026-09-17 16:43:19,662 INFO [backend.app.api.routes.camera] [d4f11b96] Chamber image stream stopped for [IP] (stream_id=3-fanout-1463e4ed)
2026-09-17 16:43:22,377 INFO [backend.app.api.routes.cloud] [ae3aec9e] get_filament_info called with 5 IDs: ['GFG99', 'GFL98', 'GFG98', 'GFU01', 'GFU99']
2026-09-17 16:43:22,675 INFO [uvicorn.access] [-] [IP]:53726 - "POST /api/v1/cloud/filament-info HTTP/1.1" 200
2026-09-17 16:43:24,693 INFO [backend.app.api.routes.cloud] [bb6ec000] get_filament_info called with 4 IDs: ['GFG98', 'GFG99', 'GFL99', 'GFL98']
2026-09-17 16:43:25,624 INFO [uvicorn.access] [-] [IP]:53820 - "POST /api/v1/cloud/filament-info HTTP/1.1" 200
2026-09-17 16:43:31,438 INFO [backend.app.api.routes.printers] [68b09ad2] Cover: resolved plate 2 before download (subtask=50%Hand_plate_2)
2026-09-17 16:43:34,000 INFO [backend.app.services.bambu_ftp] [-] FTP connected successfully to [IP] (model=[PRINTER], prot_c=False)
2026-09-17 16:43:35,272 INFO [backend.app.api.routes.printers] [a852149e] Cover: resolved plate 1 before download (subtask=HuBcaddyVertical)
2026-09-17 16:43:35,275 INFO [backend.app.api.routes.printers] [a852149e] Trying to download cover for 'HuBcaddyVertical' from [IP] (trying 5 paths)
2026-09-17 16:43:35,663 WARNING [backend.app.services.bambu_ftp] [-] FTP SSL error connecting to [IP]: [SSL: WRONG_VERSION_NUMBER] wrong version number (_ssl.c:1032) — the printer answered port 990 with something that is not TLS, so print files, covers and timelapses cannot be fetched from it. Pausing FTP to this printer for 300s.
2026-09-17 16:43:35,704 WARNING [backend.app.services.bambu_ftp] [-] Printer [IP] answered port 990 in cleartext with: 421 There are too many connections from your internet address. — that is what the TLS handshake read as a malformed record. Please include this line if you report it.
2026-09-17 16:43:43,526 INFO [backend.app.main] [-] [SNAPSHOT] Using buffered frame for printer 2: 124508 bytes
2026-09-17 16:43:45,711 INFO [backend.app.main] [-] [SNAPSHOT] Using buffered frame for printer 1: 96891 bytes
2026-09-17 16:43:45,868 INFO [backend.app.main] [-] [SNAPSHOT] Using buffered frame for printer 1: 96419 bytes
2026-09-17 16:44:01,393 INFO [backend.app.api.routes.support] [e26a61b0] Log level changed to DEBUG
2026-09-17 16:44:01,397 INFO [backend.app.api.routes.bug_report] [e26a61b0] Bug report: enabled debug logging
2026-09-17 16:44:01,398 DEBUG [backend.app.services.bambu_mqtt] [e26a61b0] [[SERIAL]] Requesting status update (pushall)
2026-09-17 16:44:01,406 DEBUG [backend.app.services.bambu_mqtt] [e26a61b0] [[SERIAL]] Requesting status update (pushall)
2026-09-17 16:44:01,409 DEBUG [backend.app.services.bambu_mqtt] [e26a61b0] [[SERIAL]] Requesting status update (pushall)
2026-09-17 16:44:01,466 DEBUG [backend.app.services.bambu_mqtt] [-] [[SERIAL]] Found xcam inside print data: {'buildplate_marker_detector': True}
2026-09-17 16:44:01,467 DEBUG [backend.app.services.bambu_mqtt] [-] [[SERIAL]] Parsing xcam data - all fields: ['buildplate_marker_detector']
2026-09-17 16:44:01,469 DEBUG [backend.app.services.bambu_mqtt] [-] [[SERIAL]] Received gcode_state: FAILED, gcode_file: , subtask_name: Body26.stl
2026-09-17 16:44:01,481 DEBUG [backend.app.services.bambu_mqtt] [-] [[SERIAL]] AMS dict fields: {'ams_exist_bits': '0', 'tray_exist_bits': '0', 'tray_is_bbl_bits': '0', 'tray_tar': '254', 'tray_now': '254', 'tray_pre': '254', 'tray_read_done_bits': '0', 'tray_reading_bits': '0', 'version': 21, 'insert_flag': True, 'power_on_flag': True}
2026-09-17 16:44:01,482 DEBUG [backend.app.services.bambu_mqtt] [-] [[SERIAL]] tray_now updated: 254
2026-09-17 16:44:01,484 DEBUG [backend.app.services.bambu_mqtt] [-] [[SERIAL]] Merged AMS data: 0 new units, 0 total
2026-09-17 16:44:01,492 DEBUG [backend.app.services.bambu_mqtt] [-] [[SERIAL]] ams_status: 0 (main=0, sub=0)
2026-09-17 16:44:01,494 DEBUG [backend.app.services.bambu_mqtt] [-] [[SERIAL]] Received command response: push_status
2026-09-17 16:44:01,496 DEBUG [backend.app.services.bambu_mqtt] [-] [[SERIAL]] chamber_temper raw value: 5.0
2026-09-17 16:44:01,498 DEBUG [backend.app.services.bambu_mqtt] [-] [[SERIAL]] chamber_temper direct value: 5.0°C (heater OFF)
2026-09-17 16:44:01,505 DEBUG [backend.app.services.bambu_mqtt] [-] [[SERIAL]] Chamber heating calculated: target=0.0, current=5.0, heating=False, respect_local=False
2026-09-17 16:44:01,508 DEBUG [backend.app.services.bambu_mqtt] [-] [[SERIAL]] Chamber temp updated to: 5.0, target: 0.0, heating: False
2026-09-17 16:44:01,503 INFO [uvicorn.access] [-] [IP]:45530 - "POST /api/v1/bug-report/start-logging HTTP/1.1" 200
2026-09-17 16:44:01,510 DEBUG [backend.app.services.bambu_mqtt] [-] [[SERIAL]] HMS data received: []
2026-09-17 16:44:01,517 DEBUG [backend.app.services.bambu_mqtt] [-] [[SERIAL]] ipcam field: {'ipcam_dev': '1', 'ipcam_record': 'enable', 'timelapse': 'disable', 'resolution': '1080p', 'tutk_server': 'disable', 'mode_bits': 3}
2026-09-17 16:44:01,521 DEBUG [backend.app.services.bambu_mqtt] [-] [[SERIAL]] wifi_signal received: -39dBm
2026-09-17 16:44:01,535 DEBUG [backend.app.services.bambu_mqtt] [-] [[SERIAL]] lights_report: [{'node': 'chamber_light', 'mode': 'off'}]
2026-09-17 16:44:01,537 DEBUG [backend.app.services.bambu_mqtt] [-] [[SERIAL]] gcode_state: FAILED -> FAILED, file: , subtask: Body26.stl
2026-09-17 16:44:01,857 DEBUG [backend.app.services.bambu_mqtt] [-] [[SERIAL]] Found xcam inside print data: {'allow_skip_parts': False, 'buildplate_marker_detector': False, 'cfg': 1772967, 'first_layer_inspector': True, 'halt_print_sensitivity': 'medium', 'print_halt': True, 'printing_monitor': True, 'spaghetti_detector': True}
2026-09-17 16:44:01,889 DEBUG [backend.app.services.bambu_mqtt] [-] [[SERIAL]] Parsing xcam data - all fields: ['allow_skip_parts', 'buildplate_marker_detector', 'cfg', 'first_layer_inspector', 'halt_print_sensitivity', 'print_halt', 'printing_monitor', 'spaghetti_detector']
2026-09-17 16:44:01,890 DEBUG [backend.app.services.bambu_mqtt] [-] [[SERIAL]] xcam cfg bitmask: 1772967 (binary: 0b110110000110110100111)
2026-09-17 16:44:01,891 DEBUG [backend.app.services.bambu_mqtt] [-] [[SERIAL]] Received gcode_state: RUNNING, gcode_file: /data/Metadata/plate_2.gcode, subtask_name: 50%Hand_plate_2
2026-09-17 16:44:01,904 DEBUG [backend.app.services.bambu_mqtt] [-] [[SERIAL]] AMS dict fields: {'ams_exist_bits': '11', 'ams_exist_bits_raw': '11', 'cali_id': 255, 'cali_stat': 0, 'insert_flag': True, 'power_on_flag': False, 'tray_exist_bits': 'e', 'tray_hall_out_bits': '2', 'tray_is_bbl_bits': 'e', 'tray_now': '1', 'tray_pre': '1', 'tray_read_done_bits': 'e', 'tray_reading_bits': '0', 'tray_tar': '1', 'unbind_ams_stat': 0, 'version': 435}
2026-09-17 16:44:01,905 DEBUG [backend.app.services.bambu_mqtt] [-] [[SERIAL]] tray_now updated: 1
2026-09-17 16:44:01,894 DEBUG [backend.app.services.bambu_mqtt] [-] [[SERIAL]] Found xcam inside print data: {'allow_skip_parts': False, 'buildplate_marker_detector': False, 'cfg': 8072615, 'first_layer_inspector': True, 'halt_print_sensitivity': 'medium', 'print_halt': True, 'printing_monitor': True, 'spaghetti_detector': True}
2026-09-17 16:44:01,915 DEBUG [backend.app.services.bambu_mqtt] [-] [[SERIAL]] Parsing xcam data - all fields: ['allow_skip_parts', 'buildplate_marker_detector', 'cfg', 'first_layer_inspector', 'halt_print_sensitivity', 'print_halt', 'printing_monitor', 'spaghetti_detector']
2026-09-17 16:44:01,916 DEBUG [backend.app.services.bambu_mqtt] [-] [[SERIAL]] xcam cfg bitmask: 8072615 (binary: 0b11110110010110110100111)
2026-09-17 16:44:01,926 DEBUG [backend.app.services.bambu_mqtt] [-] [[SERIAL]] Received gcode_state: RUNNING, gcode_file: /data/Metadata/plate_1.gcode, subtask_name: HuBcaddyVertical
2026-09-17 16:44:01,907 DEBUG [backend.app.services.bambu_mqtt] [-] [[SERIAL]] Merged AMS data: 2 new units, 2 total
2026-09-17 16:44:01,939 DEBUG [backend.app.services.bambu_mqtt] [-] [[SERIAL]] AMS 0 info=0x10001103 -> extruder 1
2026-09-17 16:44:01,940 DEBUG [backend.app.services.bambu_mqtt] [-] [[SERIAL]] AMS 128 info=0x10002104 -> extruder 1
2026-09-17 16:44:01,941 DEBUG [backend.app.services.bambu_mqtt] [-] [[SERIAL]] ams_extruder_map: {'0': 1, '128': 1}
2026-09-17 16:44:01,951 DEBUG [backend.app.services.bambu_mqtt] [-] [[SERIAL]] ams_status: 768 (main=3, sub=0)
2026-09-17 16:44:01,952 DEBUG [backend.app.services.bambu_mqtt] [-] [[SERIAL]] Received command response: push_status
2026-09-17 16:44:01,953 DEBUG [backend.app.services.bambu_mqtt] [-] [[SERIAL]] device.extruder.state=33042 (switch_state bits 12-14: 0)
2026-09-17 16:44:01,960 DEBUG [backend.app.services.bambu_mqtt] [-] [[SERIAL]] info.temp direct: 38°C (heater OFF)
2026-09-17 16:44:01,964 DEBUG [backend.app.services.bambu_mqtt] [-] [[SERIAL]] ctc_info keys: ['temp']
2026-09-17 16:44:01,965 DEBUG [backend.app.services.bambu_mqtt] [-] [[SERIAL]] Chamber heating calculated: target=0.0, current=38.0, heating=False, respect_local=False
2026-09-17 16:44:01,973 DEBUG [backend.app.services.bambu_mqtt] [-] [[SERIAL]] Chamber temp updated to: 38.0, target: 0.0, heating: False
2026-09-17 16:44:01,995 DEBUG [backend.app.services.bambu_mqtt] [-] [[SERIAL]] HMS data received: []
2026-09-17 16:44:01,997 DEBUG [backend.app.services.bambu_mqtt] [-] [[SERIAL]] ipcam field: {'agora_service': 'disable', 'brtc_service': 'enable', 'bs_state': 0, 'cap_pic_enable': 'invalid', 'ipcam_dev': '1', 'ipcam_record': 'enable', 'laser_preview_res': 5, 'mode_bits': 2, 'resolution': '1080p', 'rtsp_url': 'rtsps://[IP]:322/streaming/live/1', 'timelapse': 'enable', 'tl_store_hpd_type': 2, 'tl_store_path_type': 2, 'tutk_server': 'disable'}
2026-09-17 16:44:02,018 DEBUG [backend.app.services.bambu_mqtt] [-] [[SERIAL]] Timelapse detected during print (from ipcam)
2026-09-17 16:44:01,935 DEBUG [backend.app.services.bambu_mqtt] [-] [[SERIAL]] AMS dict fields: {'ams_exist_bits': '1', 'ams_exist_bits_raw': '1', 'cali_id': 255, 'cali_stat': 0, 'cfs': [], 'insert_flag': True, 'power_on_flag': True, 'tray_exist_bits': 'f', 'tray_hall_out_bits': '1', 'tray_is_bbl_bits': 'f', 'tray_now': '0', 'tray_pre': '0', 'tray_read_done_bits': 'f', 'tray_reading_bits': '0', 'tray_tar': '0', 'unbind_ams_stat': 0, 'version': 22447}
2026-09-17 16:44:02,019 DEBUG [backend.app.services.bambu_mqtt] [-] [[SERIAL]] wifi_signal received: -51dBm
2026-09-17 16:44:02,020 DEBUG [backend.app.services.bambu_mqtt] [-] [[SERIAL]] tray_now updated: 0
2026-09-17 16:44:02,039 DEBUG [backend.app.services.bambu_mqtt] [-] [[SERIAL]] lights_report: [{'mode': 'on', 'node': 'chamber_light'}, {'mode': 'flashing', 'node': 'work_light'}, {'mode': 'on', 'node': 'chamber_light2'}]
2026-09-17 16:44:02,041 DEBUG [backend.app.services.bambu_mqtt] [-] [[SERIAL]] MQTT mapping field: [65535, 1]
2026-09-17 16:44:02,060 DEBUG [backend.app.services.bambu_mqtt] [-] [[SERIAL]] gcode_state: RUNNING -> RUNNING, file: /data/Metadata/plate_2.gcode, subtask: 50%Hand_plate_2
2026-09-17 16:44:02,040 DEBUG [backend.app.services.bambu_mqtt] [-] [[SERIAL]] Merged AMS data: 1 new units, 1 total
2026-09-17 16:44:02,062 DEBUG [backend.app.services.bambu_mqtt] [-] [[SERIAL]] AMS 0 info=0x10001003 -> extruder 0
2026-09-17 16:44:02,063 DEBUG [backend.app.services.bambu_mqtt] [-] [[SERIAL]] ams_extruder_map: {'0': 0}
2026-09-17 16:44:02,064 DEBUG [backend.app.services.bambu_mqtt] [-] [[SERIAL]] ams_status: 768 (main=3, sub=0)
2026-09-17 16:44:02,077 DEBUG [backend.app.services.bambu_mqtt] [-] [[SERIAL]] Received command response: push_status
2026-09-17 16:44:02,079 DEBUG [backend.app.services.bambu_mqtt] [-] [[SERIAL]] device.extruder.state=1 (switch_state bits 12-14: 0)
2026-09-17 16:44:02,095 DEBUG [backend.app.services.bambu_mqtt] [-] [[SERIAL]] info.temp direct: 44°C (heater OFF)
2026-09-17 16:44:02,097 DEBUG [backend.app.services.bambu_mqtt] [-] [[SERIAL]] ctc_info keys: ['temp']
2026-09-17 16:44:02,098 DEBUG [backend.app.services.bambu_mqtt] [-] [[SERIAL]] Chamber heating calculated: target=0.0, current=44.0, heating=False, respect_local=False
2026-09-17 16:44:02,102 DEBUG [backend.app.services.bambu_mqtt] [-] [[SERIAL]] Chamber temp updated to: 44.0, target: 0.0, heating: False
2026-09-17 16:44:02,108 DEBUG [backend.app.services.bambu_mqtt] [-] [[SERIAL]] HMS data received: [{'attr': 83887616, 'code': 131184, 'ts_boot': 34174, 'ts_unix': '20260908021608'}, {'attr': 83886336, 'code': 196629, 'ts_boot': 704552118, 'ts_unix': '20260916055806'}]
2026-09-17 16:44:02,110 DEBUG [backend.app.services.bambu_mqtt] [-] [[SERIAL]] ipcam field: {'agora_service': 'disable', 'brtc_service': 'enable', 'bs_state': 0, 'cap_pic_enable': 'invalid', 'ipcam_dev': '1', 'ipcam_record': 'enable', 'laser_preview_res': 7, 'liveview_preview': True, 'mode_bits': 2, 'resolution': '1080p', 'rtsp_url': 'rtsps://[IP]:322/streaming/live/1', 'timelapse': 'enable', 'tl_external_free_kb': 37048576, 'tl_external_total_kb': 122864896, 'tl_internal_free_kb': 15238, 'tl_internal_total_kb': 962560, 'tl_store_hpd_type': 2, 'tl_store_path_type': 2, 'tutk_server': 'disable'}
2026-09-17 16:44:02,121 DEBUG [backend.app.services.bambu_mqtt] [-] [[SERIAL]] Timelapse detected during print (from ipcam)
2026-09-17 16:44:02,130 DEBUG [backend.app.services.bambu_mqtt] [-] [[SERIAL]] wifi_signal received: -58dBm
2026-09-17 16:44:02,131 DEBUG [backend.app.services.bambu_mqtt] [-] [[SERIAL]] lights_report: [{'mode': 'on', 'node': 'chamber_light'}, {'mode': 'flashing', 'node': 'work_light'}]
2026-09-17 16:44:02,133 DEBUG [backend.app.services.bambu_mqtt] [-] [[SERIAL]] MQTT mapping field: [0]
2026-09-17 16:44:02,134 DEBUG [backend.app.services.bambu_mqtt] [-] [[SERIAL]] gcode_state: RUNNING -> RUNNING, file: /data/Metadata/plate_1.gcode, subtask: HuBcaddyVertical
2026-09-17 16:44:03,073 DEBUG [backend.app.services.bambu_mqtt] [-] [[SERIAL]] Found xcam inside print data: {'allow_skip_parts': False, 'buildplate_marker_detector': False, 'cfg': 1772967, 'first_layer_inspector': True, 'halt_print_sensitivity': 'medium', 'print_halt': True, 'printing_monitor': True, 'spaghetti_detector': True}
2026-09-17 16:44:03,074 DEBUG [backend.app.services.bambu_mqtt] [-] [[SERIAL]] Parsing xcam data - all fields: ['allow_skip_parts', 'buildplate_marker_detector', 'cfg', 'first_layer_inspector', 'halt_print_sensitivity', 'print_halt', 'printing_monitor', 'spaghetti_detector']
2026-09-17 16:44:03,075 DEBUG [backend.app.services.bambu_mqtt] [-] [[SERIAL]] xcam cfg bitmask: 1772967 (binary: 0b110110000110110100111)
2026-09-17 16:44:03,076 DEBUG [backend.app.services.bambu_mqtt] [-] [[SERIAL]] Received gcode_state: RUNNING, gcode_file: /data/Metadata/plate_2.gcode, subtask_name: 50%Hand_plate_2
2026-09-17 16:44:03,078 DEBUG [backend.app.services.bambu_mqtt] [-] [[SERIAL]] ams_extruder_map: {'0': 1, '128': 1}
2026-09-17 16:44:03,079 DEBUG [backend.app.services.bambu_mqtt] [-] [[SERIAL]] Received command response: push_status
2026-09-17 16:44:03,081 DEBUG [backend.app.services.bambu_mqtt] [-] [[SERIAL]] HMS data received: []
2026-09-17 16:44:03,083 DEBUG [backend.app.services.bambu_mqtt] [-] [[SERIAL]] Timelapse detected during print (from ipcam)
2026-09-17 16:44:03,084 DEBUG [backend.app.services.bambu_mqtt] [-] [[SERIAL]] lights_report: [{'mode': 'on', 'node': 'chamber_light'}, {'mode': 'flashing', 'node': 'work_light'}, {'mode': 'on', 'node': 'chamber_light2'}]
2026-09-17 16:44:03,085 DEBUG [backend.app.services.bambu_mqtt] [-] [[SERIAL]] MQTT mapping field: [65535, 1]
2026-09-17 16:44:03,086 DEBUG [backend.app.services.bambu_mqtt] [-] [[SERIAL]] gcode_state: RUNNING -> RUNNING, file: /data/Metadata/plate_2.gcode, subtask: 50%Hand_plate_2
2026-09-17 16:44:03,277 DEBUG [backend.app.services.bambu_mqtt] [-] [[SERIAL]] Found xcam inside print data: {'allow_skip_parts': False, 'buildplate_marker_detector': False, 'cfg': 8072615, 'first_layer_inspector': True, 'halt_print_sensitivity': 'medium', 'print_halt': True, 'printing_monitor': True, 'spaghetti_detector': True}
2026-09-17 16:44:03,280 DEBUG [backend.app.services.bambu_mqtt] [-] [[SERIAL]] Parsing xcam data - all fields: ['allow_skip_parts', 'buildplate_marker_detector', 'cfg', 'first_layer_inspector', 'halt_print_sensitivity', 'print_halt', 'printing_monitor', 'spaghetti_detector']
2026-09-17 16:44:03,281 DEBUG [backend.app.services.bambu_mqtt] [-] [[SERIAL]] xcam cfg bitmask: 8072615 (binary: 0b11110110010110110100111)
2026-09-17 16:44:03,282 DEBUG [backend.app.services.bambu_mqtt] [-] [[SERIAL]] Received gcode_state: RUNNING, gcode_file: /data/Metadata/plate_1.gcode, subtask_name: HuBcaddyVertical
2026-09-17 16:44:03,287 DEBUG [backend.app.services.bambu_mqtt] [-] [[SERIAL]] ams_extruder_map: {'0': 0}
2026-09-17 16:44:03,288 DEBUG [backend.app.services.bambu_mqtt] [-] [[SERIAL]] Received command response: push_status
2026-09-17 16:44:03,289 DEBUG [backend.app.services.bambu_mqtt] [-] [[SERIAL]] HMS data received: [{'attr': 83887616, 'code': 131184, 'ts_boot': 34174, 'ts_unix': '20260908021608'}, {'attr': 83886336, 'code': 196629, 'ts_boot': 704552118, 'ts_unix': '20260916055806'}]
2026-09-17 16:44:03,290 DEBUG [backend.app.services.bambu_mqtt] [-] [[SERIAL]] ipcam field: {'agora_service': 'disable', 'brtc_service': 'enable', 'bs_state': 0, 'cap_pic_enable': 'invalid', 'ipcam_dev': '1', 'ipcam_record': 'enable', 'laser_preview_res': 7, 'liveview_preview': True, 'mode_bits': 2, 'resolution': '1080p', 'rtsp_url': 'rtsps://[IP]:322/streaming/live/1', 'timelapse': 'enable', 'tl_external_free_kb': 37048320, 'tl_external_total_kb': 122864896, 'tl_internal_free_kb': 15238, 'tl_internal_total_kb': 962560, 'tl_store_hpd_type': 2, 'tl_store_path_type': 2, 'tutk_server': 'disable'}
2026-09-17 16:44:03,295 DEBUG [backend.app.services.bambu_mqtt] [-] [[SERIAL]] Timelapse detected during print (from ipcam)
2026-09-17 16:44:03,296 DEBUG [backend.app.services.bambu_mqtt] [-] [[SERIAL]] lights_report: [{'mode': 'on', 'node': 'chamber_light'}, {'mode': 'flashing', 'node': 'work_light'}]
2026-09-17 16:44:03,297 DEBUG [backend.app.services.bambu_mqtt] [-] [[SERIAL]] MQTT mapping field: [0]
2026-09-17 16:44:03,298 DEBUG [backend.app.services.bambu_mqtt] [-] [[SERIAL]] gcode_state: RUNNING -> RUNNING, file: /data/Metadata/plate_1.gcode, subtask: HuBcaddyVertical
2026-09-17 16:44:04,393 DEBUG [backend.app.services.bambu_mqtt] [-] [[SERIAL]] Found xcam inside print data: {'allow_skip_parts': False, 'buildplate_marker_detector': False, 'cfg': 1772967, 'first_layer_inspector': True, 'halt_print_sensitivity': 'medium', 'print_halt': True, 'printing_monitor': True, 'spaghetti_detector': True}
2026-09-17 16:44:04,395 DEBUG [backend.app.services.bambu_mqtt] [-] [[SERIAL]] Parsing xcam data - all fields: ['allow_skip_parts', 'buildplate_marker_detector', 'cfg', 'first_layer_inspector', 'halt_print_sensitivity', 'print_halt', 'printing_monitor', 'spaghetti_detector']
2026-09-17 16:44:04,425 DEBUG [backend.app.services.bambu_mqtt] [-] [[SERIAL]] xcam cfg bitmask: 1772967 (binary: 0b110110000110110100111)
2026-09-17 16:44:04,431 DEBUG [backend.app.services.bambu_mqtt] [-] [[SERIAL]] Received gcode_state: RUNNING, gcode_file: /data/Metadata/plate_2.gcode, subtask_name: 50%Hand_plate_2
2026-09-17 16:44:04,433 DEBUG [backend.app.services.bambu_mqtt] [-] [[SERIAL]] ams_extruder_map: {'0': 1, '128': 1}
2026-09-17 16:44:04,463 DEBUG [backend.app.services.bambu_mqtt] [-] [[SERIAL]] Received command response: push_status
2026-09-17 16:44:04,465 DEBUG [backend.app.services.bambu_mqtt] [-] [[SERIAL]] info.temp direct: 39°C (heater OFF)
2026-09-17 16:44:04,494 DEBUG [backend.app.services.bambu_mqtt] [-] [[SERIAL]] Chamber heating calculated: target=0.0, current=39.0, heating=False, respect_local=False
2026-09-17 16:44:04,496 DEBUG [backend.app.services.bambu_mqtt] [-] [[SERIAL]] Chamber temp updated to: 39.0, target: 0.0, heating: False
2026-09-17 16:44:04,507 DEBUG [backend.app.services.bambu_mqtt] [-] [[SERIAL]] HMS data received: []
2026-09-17 16:44:04,531 DEBUG [backend.app.services.bambu_mqtt] [-] [[SERIAL]] Timelapse detected during print (from ipcam)
2026-09-17 16:44:04,534 DEBUG [backend.app.services.bambu_mqtt] [-] [[SERIAL]] lights_report: [{'mode': 'on', 'node': 'chamber_light'}, {'mode': 'flashing', 'node': 'work_light'}, {'mode': 'on', 'node': 'chamber_light2'}]
2026-09-17 16:44:04,560 DEBUG [backend.app.services.bambu_mqtt] [-] [[SERIAL]] MQTT mapping field: [65535, 1]
2026-09-17 16:44:04,561 DEBUG [backend.app.services.bambu_mqtt] [-] [[SERIAL]] gcode_state: RUNNING -> RUNNING, file: /data/Metadata/plate_2.gcode, subtask: 50%Hand_plate_2
2026-09-17 16:44:04,720 DEBUG [backend.app.services.bambu_mqtt] [-] [[SERIAL]] Found xcam inside print data: {'allow_skip_parts': False, 'buildplate_marker_detector': False, 'cfg': 8072615, 'first_layer_inspector': True, 'halt_print_sensitivity': 'medium', 'print_halt': True, 'printing_monitor': True, 'spaghetti_detector': True}
2026-09-17 16:44:04,721 DEBUG [backend.app.services.bambu_mqtt] [-] [[SERIAL]] Parsing xcam data - all fields: ['allow_skip_parts', 'buildplate_marker_detector', 'cfg', 'first_layer_inspector', 'halt_print_sensitivity', 'print_halt', 'printing_monitor', 'spaghetti_detector']
2026-09-17 16:44:04,734 DEBUG [backend.app.services.bambu_mqtt] [-] [[SERIAL]] xcam cfg bitmask: 8072615 (binary: 0b11110110010110110100111)
2026-09-17 16:44:04,735 DEBUG [backend.app.services.bambu_mqtt] [-] [[SERIAL]] Received gcode_state: RUNNING, gcode_file: /data/Metadata/plate_1.gcode, subtask_name: HuBcaddyVertical
2026-09-17 16:44:04,736 DEBUG [backend.app.services.bambu_mqtt] [-] [[SERIAL]] ams_extruder_map: {'0': 0}
2026-09-17 16:44:04,738 DEBUG [backend.app.services.bambu_mqtt] [-] [[SERIAL]] Received command response: push_status
2026-09-17 16:44:04,748 DEBUG [backend.app.services.bambu_mqtt] [-] [[SERIAL]] HMS data received: [{'attr': 83887616, 'code': 131184, 'ts_boot': 34174, 'ts_unix': '20260908021608'}, {'attr': 83886336, 'code': 196629, 'ts_boot': 704552118, 'ts_unix': '20260916055806'}]
2026-09-17 16:44:04,750 DEBUG [backend.app.services.bambu_mqtt] [-] [[SERIAL]] ipcam field: {'agora_service': 'disable', 'brtc_service': 'enable', 'bs_state': 0, 'cap_pic_enable': 'invalid', 'ipcam_dev': '1', 'ipcam_record': 'enable', 'laser_preview_res': 7, 'liveview_preview': True, 'mode_bits': 2, 'resolution': '1080p', 'rtsp_url': 'rtsps://[IP]:322/streaming/live/1', 'timelapse': 'enable', 'tl_external_free_kb': 37047552, 'tl_external_total_kb': 122864896, 'tl_internal_free_kb': 15238, 'tl_internal_total_kb': 962560, 'tl_store_hpd_type': 2, 'tl_store_path_type': 2, 'tutk_server': 'disable'}
2026-09-17 16:44:04,780 DEBUG [backend.app.services.bambu_mqtt] [-] [[SERIAL]] Timelapse detected during print (from ipcam)
2026-09-17 16:44:04,781 DEBUG [backend.app.services.bambu_mqtt] [-] [[SERIAL]] lights_report: [{'mode': 'on', 'node': 'chamber_light'}, {'mode': 'flashing', 'node': 'work_light'}]
2026-09-17 16:44:04,783 DEBUG [backend.app.services.bambu_mqtt] [-] [[SERIAL]] MQTT mapping field: [0]
2026-09-17 16:44:04,795 DEBUG [backend.app.services.bambu_mqtt] [-] [[SERIAL]] gcode_state: RUNNING -> RUNNING, file: /data/Metadata/plate_1.gcode, subtask: HuBcaddyVertical
2026-09-17 16:44:05,580 DEBUG [backend.app.services.bambu_mqtt] [-] [[SERIAL]] Received command response: push_status
2026-09-17 16:44:05,780 DEBUG [backend.app.services.bambu_mqtt] [-] [[SERIAL]] Found xcam inside print data: {'allow_skip_parts': False, 'buildplate_marker_detector': False, 'cfg': 1772967, 'first_layer_inspector': True, 'halt_print_sensitivity': 'medium', 'print_halt': True, 'printing_monitor': True, 'spaghetti_detector': True}
2026-09-17 16:44:05,781 DEBUG [backend.app.services.bambu_mqtt] [-] [[SERIAL]] Parsing xcam data - all fields: ['allow_skip_parts', 'buildplate_marker_detector', 'cfg', 'first_layer_inspector', 'halt_print_sensitivity', 'print_halt', 'printing_monitor', 'spaghetti_detector']
2026-09-17 16:44:05,782 DEBUG [backend.app.services.bambu_mqtt] [-] [[SERIAL]] xcam cfg bitmask: 1772967 (binary: 0b110110000110110100111)
2026-09-17 16:44:05,782 DEBUG [backend.app.services.bambu_mqtt] [-] [[SERIAL]] Received gcode_state: RUNNING, gcode_file: /data/Metadata/plate_2.gcode, subtask_name: 50%Hand_plate_2
2026-09-17 16:44:05,793 DEBUG [backend.app.services.bambu_mqtt] [-] [[SERIAL]] ams_extruder_map: {'0': 1, '128': 1}
2026-09-17 16:44:05,794 DEBUG [backend.app.services.bambu_mqtt] [-] [[SERIAL]] Received command response: push_status
2026-09-17 16:44:05,795 DEBUG [backend.app.services.bambu_mqtt] [-] [[SERIAL]] HMS data received: []
2026-09-17 16:44:05,812 DEBUG [backend.app.services.bambu_mqtt] [-] [[SERIAL]] Timelapse detected during print (from ipcam)
2026-09-17 16:44:05,823 DEBUG [backend.app.services.bambu_mqtt] [-] [[SERIAL]] lights_report: [{'mode': 'on', 'node': 'chamber_light'}, {'mode': 'flashing', 'node': 'work_light'}, {'mode': 'on', 'node': 'chamber_light2'}]
2026-09-17 16:44:05,829 DEBUG [backend.app.services.bambu_mqtt] [-] [[SERIAL]] MQTT mapping field: [65535, 1]
2026-09-17 16:44:05,830 DEBUG [backend.app.services.bambu_mqtt] [-] [[SERIAL]] gcode_state: RUNNING -> RUNNING, file: /data/Metadata/plate_2.gcode, subtask: 50%Hand_plate_2
2026-09-17 16:44:06,293 DEBUG [backend.app.services.bambu_mqtt] [-] [[SERIAL]] Found xcam inside print data: {'allow_skip_parts': False, 'buildplate_marker_detector': False, 'cfg': 8072615, 'first_layer_inspector': True, 'halt_print_sensitivity': 'medium', 'print_halt': True, 'printing_monitor': True, 'spaghetti_detector': True}
2026-09-17 16:44:06,299 DEBUG [backend.app.services.bambu_mqtt] [-] [[SERIAL]] Parsing xcam data - all fields: ['allow_skip_parts', 'buildplate_marker_detector', 'cfg', 'first_layer_inspector', 'halt_print_sensitivity', 'print_halt', 'printing_monitor', 'spaghetti_detector']
2026-09-17 16:44:06,311 DEBUG [backend.app.services.bambu_mqtt] [-] [[SERIAL]] xcam cfg bitmask: 8072615 (binary: 0b11110110010110110100111)
2026-09-17 16:44:06,312 DEBUG [backend.app.services.bambu_mqtt] [-] [[SERIAL]] Received gcode_state: RUNNING, gcode_file: /data/Metadata/plate_1.gcode, subtask_name: HuBcaddyVertical
2026-09-17 16:44:06,313 DEBUG [backend.app.services.bambu_mqtt] [-] [[SERIAL]] ams_extruder_map: {'0': 0}
2026-09-17 16:44:06,331 DEBUG [backend.app.services.bambu_mqtt] [-] [[SERIAL]] Received command response: push_status
2026-09-17 16:44:06,333 DEBUG [backend.app.services.bambu_mqtt] [-] [[SERIAL]] HMS data received: [{'attr': 83887616, 'code': 131184, 'ts_boot': 34174, 'ts_unix': '20260908021608'}, {'attr': 83886336, 'code': 196629, 'ts_boot': 704552118, 'ts_unix': '20260916055806'}]
2026-09-17 16:44:06,363 DEBUG [backend.app.services.bambu_mqtt] [-] [[SERIAL]] Timelapse detected during print (from ipcam)
2026-09-17 16:44:06,366 DEBUG [backend.app.services.bambu_mqtt] [-] [[SERIAL]] lights_report: [{'mode': 'on', 'node': 'chamber_light'}, {'mode': 'flashing', 'node': 'work_light'}]
2026-09-17 16:44:06,379 DEBUG [backend.app.services.bambu_mqtt] [-] [[SERIAL]] MQTT mapping field: [0]
2026-09-17 16:44:06,391 DEBUG [backend.app.services.bambu_mqtt] [-] [[SERIAL]] gcode_state: RUNNING -> RUNNING, file: /data/Metadata/plate_1.gcode, subtask: HuBcaddyVertical
2026-09-17 16:44:06,959 DEBUG [backend.app.services.bambu_mqtt] [-] [[SERIAL]] Found xcam inside print data: {'allow_skip_parts': False, 'buildplate_marker_detector': False, 'cfg': 1772967, 'first_layer_inspector': True, 'halt_print_sensitivity': 'medium', 'print_halt': True, 'printing_monitor': True, 'spaghetti_detector': True}
2026-09-17 16:44:06,964 DEBUG [backend.app.services.bambu_mqtt] [-] [[SERIAL]] Parsing xcam data - all fields: ['allow_skip_parts', 'buildplate_marker_detector', 'cfg', 'first_layer_inspector', 'halt_print_sensitivity', 'print_halt', 'printing_monitor', 'spaghetti_detector']
2026-09-17 16:44:06,972 DEBUG [backend.app.services.bambu_mqtt] [-] [[SERIAL]] xcam cfg bitmask: 1772967 (binary: 0b110110000110110100111)
2026-09-17 16:44:06,977 DEBUG [backend.app.services.bambu_mqtt] [-] [[SERIAL]] Received gcode_state: RUNNING, gcode_file: /data/Metadata/plate_2.gcode, subtask_name: 50%Hand_plate_2
2026-09-17 16:44:06,988 DEBUG [backend.app.services.bambu_mqtt] [-] [[SERIAL]] ams_extruder_map: {'0': 1, '128': 1}
2026-09-17 16:44:07,001 DEBUG [backend.app.services.bambu_mqtt] [-] [[SERIAL]] Received command response: push_status
2026-09-17 16:44:07,008 DEBUG [backend.app.services.bambu_mqtt] [-] [[SERIAL]] HMS data received: []
2026-09-17 16:44:07,009 DEBUG [backend.app.services.bambu_mqtt] [-] [[SERIAL]] Timelapse detected during print (from ipcam)
2026-09-17 16:44:07,022 DEBUG [backend.app.services.bambu_mqtt] [-] [[SERIAL]] lights_report: [{'mode': 'on', 'node': 'chamber_light'}, {'mode': 'flashing', 'node': 'work_light'}, {'mode': 'on', 'node': 'chamber_light2'}]
2026-09-17 16:44:07,024 DEBUG [backend.app.services.bambu_mqtt] [-] [[SERIAL]] MQTT mapping field: [65535, 1]
2026-09-17 16:44:07,042 DEBUG [backend.app.services.bambu_mqtt] [-] [[SERIAL]] gcode_state: RUNNING -> RUNNING, file: /data/Metadata/plate_2.gcode, subtask: 50%Hand_plate_2