2026-09-13 22:12:37,225 DEBUG [backend.app.services.bambu_mqtt] [-] [[SERIAL]] HMS data received: [{'attr': 50370048, 'code': 196609, 'ts_boot': 1232165460, 'ts_unix': '20260914092151'}, {'attr': 50374400, 'code': 196609, 'ts_boot': 1236825257, 'ts_unix': '20260914103931'}]
2026-09-13 22:12:37,225 DEBUG [backend.app.services.bambu_mqtt] [-] [[SERIAL]] ipcam field: {'agora_service': 'disable', 'brtc_service': 'enable', 'bs_state': 0, 'cap_pic_enable': 'invalid', 'current_liveview': 4, 'ipcam_dev': '1', 'ipcam_record': 'enable', 'laser_preview_res': 5, 'liveview_preview': True, 'mode_bits': 2, 'resolution': '1080p', 'rtsp_url': 'rtsps://[IP]:322/streaming/live/1', 'support_liveview_cams': [4], 'timelapse': 'disable', 'tl_external_free_kb': 34639488, 'tl_external_total_kb': 125308032, 'tl_internal_free_kb': 0, 'tl_internal_total_kb': 0, 'tl_store_hpd_type': 2, 'tl_store_path_type': 2, 'tutk_server': 'disable'}
2026-09-13 22:12:37,226 DEBUG [backend.app.services.bambu_mqtt] [-] [[SERIAL]] wifi_signal received: -49dBm
2026-09-13 22:12:37,226 DEBUG [backend.app.services.bambu_mqtt] [-] [[SERIAL]] lights_report: [{'mode': 'on', 'node': 'chamber_light'}, {'mode': 'flashing', 'node': 'work_light'}, {'mode': 'on', 'node': 'chamber_light2'}]
2026-09-13 22:12:37,226 DEBUG [backend.app.services.bambu_mqtt] [-] [[SERIAL]] MQTT mapping field: [259]
2026-09-13 22:12:37,227 DEBUG [backend.app.services.bambu_mqtt] [-] [[SERIAL]] gcode_state: RUNNING -> RUNNING, file: /data/Metadata/plate_1.gcode, subtask: Fidget_Wobble8_-_two_sizes
2026-09-13 22:12:38,451 DEBUG [backend.app.services.bambu_mqtt] [-] [[SERIAL]] Found xcam inside print data: {'allow_skip_parts': False, 'buildplate_marker_detector': True, 'cfg': 8088727, 'first_layer_inspector': True, 'halt_print_sensitivity': 'medium', 'print_halt': True, 'printing_monitor': True, 'spaghetti_detector': True}
2026-09-13 22:12:38,451 DEBUG [backend.app.services.bambu_mqtt] [-] [[SERIAL]] Parsing xcam data - all fields: ['allow_skip_parts', 'buildplate_marker_detector', 'cfg', 'first_layer_inspector', 'halt_print_sensitivity', 'print_halt', 'printing_monitor', 'spaghetti_detector']
2026-09-13 22:12:38,451 DEBUG [backend.app.services.bambu_mqtt] [-] [[SERIAL]] xcam cfg bitmask: 8088727 (binary: 0b11110110110110010010111)
2026-09-13 22:12:38,453 DEBUG [backend.app.services.bambu_mqtt] [-] [[SERIAL]] Received gcode_state: RUNNING, gcode_file: /data/Metadata/plate_1.gcode, subtask_name: Fidget_Wobble8_-_two_sizes
2026-09-13 22:12:38,454 DEBUG [backend.app.services.bambu_mqtt] [-] [[SERIAL]] Received command response: push_status
2026-09-13 22:12:38,455 DEBUG [backend.app.services.bambu_mqtt] [-] [[SERIAL]] info.temp direct: 41°C (heater OFF)
2026-09-13 22:12:38,455 DEBUG [backend.app.services.bambu_mqtt] [-] [[SERIAL]] Chamber heating calculated: target=0.0, current=41.0, heating=False, respect_local=False
2026-09-13 22:12:38,456 DEBUG [backend.app.services.bambu_mqtt] [-] [[SERIAL]] Chamber temp updated to: 41.0, target: 0.0, heating: False
2026-09-13 22:12:38,456 DEBUG [backend.app.services.bambu_mqtt] [-] [[SERIAL]] HMS data received: [{'attr': 50370048, 'code': 196609, 'ts_boot': 1232165460, 'ts_unix': '20260914092151'}, {'attr': 50374400, 'code': 196609, 'ts_boot': 1236825257, 'ts_unix': '20260914103931'}]
2026-09-13 22:12:38,456 DEBUG [backend.app.services.bambu_mqtt] [-] [[SERIAL]] ipcam field: {'agora_service': 'disable', 'brtc_service': 'enable', 'bs_state': 0, 'cap_pic_enable': 'invalid', 'current_liveview': 4, 'ipcam_dev': '1', 'ipcam_record': 'enable', 'laser_preview_res': 5, 'liveview_preview': True, 'mode_bits': 2, 'resolution': '1080p', 'rtsp_url': 'rtsps://[IP]:322/streaming/live/1', 'support_liveview_cams': [4], 'timelapse': 'disable', 'tl_external_free_kb': 34637440, 'tl_external_total_kb': 125308032, 'tl_internal_free_kb': 0, 'tl_internal_total_kb': 0, 'tl_store_hpd_type': 2, 'tl_store_path_type': 2, 'tutk_server': 'disable'}
2026-09-13 22:12:38,456 DEBUG [backend.app.services.bambu_mqtt] [-] [[SERIAL]] lights_report: [{'mode': 'on', 'node': 'chamber_light'}, {'mode': 'flashing', 'node': 'work_light'}, {'mode': 'on', 'node': 'chamber_light2'}]
2026-09-13 22:12:38,457 DEBUG [backend.app.services.bambu_mqtt] [-] [[SERIAL]] MQTT mapping field: [259]
2026-09-13 22:12:38,457 DEBUG [backend.app.services.bambu_mqtt] [-] [[SERIAL]] gcode_state: RUNNING -> RUNNING, file: /data/Metadata/plate_1.gcode, subtask: Fidget_Wobble8_-_two_sizes
2026-09-13 22:12:39,696 DEBUG [backend.app.services.bambu_mqtt] [-] [[SERIAL]] Found xcam inside print data: {'allow_skip_parts': False, 'buildplate_marker_detector': True, 'cfg': 8088727, 'first_layer_inspector': True, 'halt_print_sensitivity': 'medium', 'print_halt': True, 'printing_monitor': True, 'spaghetti_detector': True}
2026-09-13 22:12:39,697 DEBUG [backend.app.services.bambu_mqtt] [-] [[SERIAL]] Parsing xcam data - all fields: ['allow_skip_parts', 'buildplate_marker_detector', 'cfg', 'first_layer_inspector', 'halt_print_sensitivity', 'print_halt', 'printing_monitor', 'spaghetti_detector']
2026-09-13 22:12:39,697 DEBUG [backend.app.services.bambu_mqtt] [-] [[SERIAL]] xcam cfg bitmask: 8088727 (binary: 0b11110110110110010010111)
2026-09-13 22:12:39,697 DEBUG [backend.app.services.bambu_mqtt] [-] [[SERIAL]] Received gcode_state: RUNNING, gcode_file: /data/Metadata/plate_1.gcode, subtask_name: Fidget_Wobble8_-_two_sizes
2026-09-13 22:12:39,698 DEBUG [backend.app.services.bambu_mqtt] [-] [[SERIAL]] Received command response: push_status
2026-09-13 22:12:39,698 DEBUG [backend.app.services.bambu_mqtt] [-] [[SERIAL]] info.temp direct: 40°C (heater OFF)
2026-09-13 22:12:39,699 DEBUG [backend.app.services.bambu_mqtt] [-] [[SERIAL]] Chamber heating calculated: target=0.0, current=40.0, heating=False, respect_local=False
2026-09-13 22:12:39,700 DEBUG [backend.app.services.bambu_mqtt] [-] [[SERIAL]] Chamber temp updated to: 40.0, target: 0.0, heating: False
2026-09-13 22:12:39,700 DEBUG [backend.app.services.bambu_mqtt] [-] [[SERIAL]] HMS data received: [{'attr': 50370048, 'code': 196609, 'ts_boot': 1232165460, 'ts_unix': '20260914092151'}, {'attr': 50374400, 'code': 196609, 'ts_boot': 1236825257, 'ts_unix': '20260914103931'}]
2026-09-13 22:12:39,700 DEBUG [backend.app.services.bambu_mqtt] [-] [[SERIAL]] ipcam field: {'agora_service': 'disable', 'brtc_service': 'enable', 'bs_state': 0, 'cap_pic_enable': 'invalid', 'current_liveview': 4, 'ipcam_dev': '1', 'ipcam_record': 'enable', 'laser_preview_res': 5, 'liveview_preview': True, 'mode_bits': 2, 'resolution': '1080p', 'rtsp_url': 'rtsps://[IP]:322/streaming/live/1', 'support_liveview_cams': [4], 'timelapse': 'disable', 'tl_external_free_kb': 34635392, 'tl_external_total_kb': 125308032, 'tl_internal_free_kb': 0, 'tl_internal_total_kb': 0, 'tl_store_hpd_type': 2, 'tl_store_path_type': 2, 'tutk_server': 'disable'}
2026-09-13 22:12:39,701 DEBUG [backend.app.services.bambu_mqtt] [-] [[SERIAL]] lights_report: [{'mode': 'on', 'node': 'chamber_light'}, {'mode': 'flashing', 'node': 'work_light'}, {'mode': 'on', 'node': 'chamber_light2'}]
2026-09-13 22:12:39,701 DEBUG [backend.app.services.bambu_mqtt] [-] [[SERIAL]] MQTT mapping field: [259]
2026-09-13 22:12:39,701 DEBUG [backend.app.services.bambu_mqtt] [-] [[SERIAL]] gcode_state: RUNNING -> RUNNING, file: /data/Metadata/plate_1.gcode, subtask: Fidget_Wobble8_-_two_sizes
2026-09-13 22:12:41,018 DEBUG [backend.app.services.bambu_mqtt] [-] [[SERIAL]] Found xcam inside print data: {'allow_skip_parts': False, 'buildplate_marker_detector': True, 'cfg': 8088727, 'first_layer_inspector': True, 'halt_print_sensitivity': 'medium', 'print_halt': True, 'printing_monitor': True, 'spaghetti_detector': True}
2026-09-13 22:12:41,018 DEBUG [backend.app.services.bambu_mqtt] [-] [[SERIAL]] Parsing xcam data - all fields: ['allow_skip_parts', 'buildplate_marker_detector', 'cfg', 'first_layer_inspector', 'halt_print_sensitivity', 'print_halt', 'printing_monitor', 'spaghetti_detector']
2026-09-13 22:12:41,018 DEBUG [backend.app.services.bambu_mqtt] [-] [[SERIAL]] xcam cfg bitmask: 8088727 (binary: 0b11110110110110010010111)
2026-09-13 22:12:41,019 DEBUG [backend.app.services.bambu_mqtt] [-] [[SERIAL]] Received gcode_state: RUNNING, gcode_file: /data/Metadata/plate_1.gcode, subtask_name: Fidget_Wobble8_-_two_sizes
2026-09-13 22:12:41,019 DEBUG [backend.app.services.bambu_mqtt] [-] [[SERIAL]] Received command response: push_status
2026-09-13 22:12:41,020 DEBUG [backend.app.services.bambu_mqtt] [-] [[SERIAL]] HMS data received: [{'attr': 50370048, 'code': 196609, 'ts_boot': 1232165460, 'ts_unix': '20260914092151'}, {'attr': 50374400, 'code': 196609, 'ts_boot': 1236825257, 'ts_unix': '20260914103931'}]
2026-09-13 22:12:41,020 DEBUG [backend.app.services.bambu_mqtt] [-] [[SERIAL]] lights_report: [{'mode': 'on', 'node': 'chamber_light'}, {'mode': 'flashing', 'node': 'work_light'}, {'mode': 'on', 'node': 'chamber_light2'}]
2026-09-13 22:12:41,021 DEBUG [backend.app.services.bambu_mqtt] [-] [[SERIAL]] MQTT mapping field: [259]
2026-09-13 22:12:41,021 DEBUG [backend.app.services.bambu_mqtt] [-] [[SERIAL]] gcode_state: RUNNING -> RUNNING, file: /data/Metadata/plate_1.gcode, subtask: Fidget_Wobble8_-_two_sizes
2026-09-13 22:12:42,381 DEBUG [backend.app.services.bambu_mqtt] [-] [[SERIAL]] Found xcam inside print data: {'allow_skip_parts': False, 'buildplate_marker_detector': True, 'cfg': 8088727, 'first_layer_inspector': True, 'halt_print_sensitivity': 'medium', 'print_halt': True, 'printing_monitor': True, 'spaghetti_detector': True}
2026-09-13 22:12:42,381 DEBUG [backend.app.services.bambu_mqtt] [-] [[SERIAL]] Parsing xcam data - all fields: ['allow_skip_parts', 'buildplate_marker_detector', 'cfg', 'first_layer_inspector', 'halt_print_sensitivity', 'print_halt', 'printing_monitor', 'spaghetti_detector']
2026-09-13 22:12:42,381 DEBUG [backend.app.services.bambu_mqtt] [-] [[SERIAL]] xcam cfg bitmask: 8088727 (binary: 0b11110110110110010010111)
2026-09-13 22:12:42,382 DEBUG [backend.app.services.bambu_mqtt] [-] [[SERIAL]] Received gcode_state: RUNNING, gcode_file: /data/Metadata/plate_1.gcode, subtask_name: Fidget_Wobble8_-_two_sizes
2026-09-13 22:12:42,382 DEBUG [backend.app.services.bambu_mqtt] [-] [[SERIAL]] AMS dict fields: {'ams_exist_bits': '3', 'ams_exist_bits_raw': '3', 'cali_id': 255, 'cali_stat': 0, 'cfs': [2, 9, 5, 7], 'insert_flag': True, 'power_on_flag': False, 'tray_exist_bits': 'fe', 'tray_hall_out_bits': '80', 'tray_is_bbl_bits': 'fe', 'tray_now': '3', 'tray_pre': '3', 'tray_read_done_bits': 'fe', 'tray_reading_bits': '0', 'tray_tar': '3', 'unbind_ams_stat': 0, 'version': 81211}
2026-09-13 22:12:42,383 DEBUG [backend.app.services.bambu_mqtt] [-] [[SERIAL]] Received command response: push_status
2026-09-13 22:12:42,385 DEBUG [backend.app.services.bambu_mqtt] [-] [[SERIAL]] info.temp direct: 41°C (heater OFF)
2026-09-13 22:12:42,386 DEBUG [backend.app.services.bambu_mqtt] [-] [[SERIAL]] Chamber heating calculated: target=0.0, current=41.0, heating=False, respect_local=False
2026-09-13 22:12:42,388 DEBUG [backend.app.services.bambu_mqtt] [-] [[SERIAL]] Chamber temp updated to: 41.0, target: 0.0, heating: False
2026-09-13 22:12:42,388 DEBUG [backend.app.services.bambu_mqtt] [-] [[SERIAL]] HMS data received: [{'attr': 50370048, 'code': 196609, 'ts_boot': 1232165460, 'ts_unix': '20260914092151'}, {'attr': 50374400, 'code': 196609, 'ts_boot': 1236825257, 'ts_unix': '20260914103931'}]
2026-09-13 22:12:42,388 DEBUG [backend.app.services.bambu_mqtt] [-] [[SERIAL]] ipcam field: {'agora_service': 'disable', 'brtc_service': 'enable', 'bs_state': 0, 'cap_pic_enable': 'invalid', 'current_liveview': 4, 'ipcam_dev': '1', 'ipcam_record': 'enable', 'laser_preview_res': 5, 'liveview_preview': True, 'mode_bits': 2, 'resolution': '1080p', 'rtsp_url': 'rtsps://[IP]:322/streaming/live/1', 'support_liveview_cams': [4], 'timelapse': 'disable', 'tl_external_free_kb': 34633344, 'tl_external_total_kb': 125308032, 'tl_internal_free_kb': 0, 'tl_internal_total_kb': 0, 'tl_store_hpd_type': 2, 'tl_store_path_type': 2, 'tutk_server': 'disable'}
2026-09-13 22:12:42,389 DEBUG [backend.app.services.bambu_mqtt] [-] [[SERIAL]] lights_report: [{'mode': 'on', 'node': 'chamber_light'}, {'mode': 'flashing', 'node': 'work_light'}, {'mode': 'on', 'node': 'chamber_light2'}]
2026-09-13 22:12:42,389 DEBUG [backend.app.services.bambu_mqtt] [-] [[SERIAL]] MQTT mapping field: [259]
2026-09-13 22:12:42,389 DEBUG [backend.app.services.bambu_mqtt] [-] [[SERIAL]] gcode_state: RUNNING -> RUNNING, file: /data/Metadata/plate_1.gcode, subtask: Fidget_Wobble8_-_two_sizes
2026-09-13 22:12:42,794 INFO [backend.app.services.virtual_printer.mqtt_server] [128f88d4] [[PRINTER]-Virtual] 1Hz status push: 60 pushes/min to [IP]:61027
2026-09-13 22:12:43,792 DEBUG [backend.app.services.bambu_mqtt] [-] [[SERIAL]] Found xcam inside print data: {'allow_skip_parts': False, 'buildplate_marker_detector': True, 'cfg': 8088727, 'first_layer_inspector': True, 'halt_print_sensitivity': 'medium', 'print_halt': True, 'printing_monitor': True, 'spaghetti_detector': True}
2026-09-13 22:12:43,793 DEBUG [backend.app.services.bambu_mqtt] [-] [[SERIAL]] Parsing xcam data - all fields: ['allow_skip_parts', 'buildplate_marker_detector', 'cfg', 'first_layer_inspector', 'halt_print_sensitivity', 'print_halt', 'printing_monitor', 'spaghetti_detector']
2026-09-13 22:12:43,793 DEBUG [backend.app.services.bambu_mqtt] [-] [[SERIAL]] xcam cfg bitmask: 8088727 (binary: 0b11110110110110010010111)
2026-09-13 22:12:43,794 DEBUG [backend.app.services.bambu_mqtt] [-] [[SERIAL]] Received gcode_state: RUNNING, gcode_file: /data/Metadata/plate_1.gcode, subtask_name: Fidget_Wobble8_-_two_sizes
2026-09-13 22:12:43,794 DEBUG [backend.app.services.bambu_mqtt] [-] [[SERIAL]] AMS dict fields: {'ams_exist_bits': '3', 'ams_exist_bits_raw': '3', 'cali_id': 255, 'cali_stat': 0, 'cfs': [2, 9, 5, 7], 'insert_flag': True, 'power_on_flag': False, 'tray_exist_bits': 'fe', 'tray_hall_out_bits': '80', 'tray_is_bbl_bits': 'fe', 'tray_now': '3', 'tray_pre': '3', 'tray_read_done_bits': 'fe', 'tray_reading_bits': '0', 'tray_tar': '3', 'unbind_ams_stat': 0, 'version': 81212}
2026-09-13 22:12:43,795 DEBUG [backend.app.services.bambu_mqtt] [-] [[SERIAL]] Received command response: push_status
2026-09-13 22:12:43,796 DEBUG [backend.app.services.bambu_mqtt] [-] [[SERIAL]] info.temp direct: 40°C (heater OFF)
2026-09-13 22:12:43,800 DEBUG [backend.app.services.bambu_mqtt] [-] [[SERIAL]] Chamber heating calculated: target=0.0, current=40.0, heating=False, respect_local=False
2026-09-13 22:12:43,801 DEBUG [backend.app.services.bambu_mqtt] [-] [[SERIAL]] Chamber temp updated to: 40.0, target: 0.0, heating: False
2026-09-13 22:12:43,801 DEBUG [backend.app.services.bambu_mqtt] [-] [[SERIAL]] HMS data received: [{'attr': 50370048, 'code': 196609, 'ts_boot': 1232165460, 'ts_unix': '20260914092151'}, {'attr': 50374400, 'code': 196609, 'ts_boot': 1236825257, 'ts_unix': '20260914103931'}]
2026-09-13 22:12:43,802 DEBUG [backend.app.services.bambu_mqtt] [-] [[SERIAL]] ipcam field: {'agora_service': 'disable', 'brtc_service': 'enable', 'bs_state': 0, 'cap_pic_enable': 'invalid', 'current_liveview': 4, 'ipcam_dev': '1', 'ipcam_record': 'enable', 'laser_preview_res': 5, 'liveview_preview': True, 'mode_bits': 2, 'resolution': '1080p', 'rtsp_url': 'rtsps://[IP]:322/streaming/live/1', 'support_liveview_cams': [4], 'timelapse': 'disable', 'tl_external_free_kb': 34631296, 'tl_external_total_kb': 125308032, 'tl_internal_free_kb': 0, 'tl_internal_total_kb': 0, 'tl_store_hpd_type': 2, 'tl_store_path_type': 2, 'tutk_server': 'disable'}
2026-09-13 22:12:43,803 DEBUG [backend.app.services.bambu_mqtt] [-] [[SERIAL]] lights_report: [{'mode': 'on', 'node': 'chamber_light'}, {'mode': 'flashing', 'node': 'work_light'}, {'mode': 'on', 'node': 'chamber_light2'}]
2026-09-13 22:12:43,805 DEBUG [backend.app.services.bambu_mqtt] [-] [[SERIAL]] MQTT mapping field: [259]
2026-09-13 22:12:43,806 DEBUG [backend.app.services.bambu_mqtt] [-] [[SERIAL]] gcode_state: RUNNING -> RUNNING, file: /data/Metadata/plate_1.gcode, subtask: Fidget_Wobble8_-_two_sizes
2026-09-13 22:12:43,951 DEBUG [backend.app.main] [-] [[PRINTER]] Runtime tracking: added 30s, total=37620s (10.45h)
2026-09-13 22:12:43,958 DEBUG [backend.app.main] [-] Updated runtime for 1 printer(s)
2026-09-13 22:12:45,197 DEBUG [backend.app.services.bambu_mqtt] [-] [[SERIAL]] Found xcam inside print data: {'allow_skip_parts': False, 'buildplate_marker_detector': True, 'cfg': 8088727, 'first_layer_inspector': True, 'halt_print_sensitivity': 'medium', 'print_halt': True, 'printing_monitor': True, 'spaghetti_detector': True}
2026-09-13 22:12:45,198 DEBUG [backend.app.services.bambu_mqtt] [-] [[SERIAL]] Parsing xcam data - all fields: ['allow_skip_parts', 'buildplate_marker_detector', 'cfg', 'first_layer_inspector', 'halt_print_sensitivity', 'print_halt', 'printing_monitor', 'spaghetti_detector']
2026-09-13 22:12:45,200 DEBUG [backend.app.services.bambu_mqtt] [-] [[SERIAL]] xcam cfg bitmask: 8088727 (binary: 0b11110110110110010010111)
2026-09-13 22:12:45,200 DEBUG [backend.app.services.bambu_mqtt] [-] [[SERIAL]] Received gcode_state: RUNNING, gcode_file: /data/Metadata/plate_1.gcode, subtask_name: Fidget_Wobble8_-_two_sizes
2026-09-13 22:12:45,201 DEBUG [backend.app.services.bambu_mqtt] [-] [[SERIAL]] Received command response: push_status
2026-09-13 22:12:45,202 DEBUG [backend.app.services.bambu_mqtt] [-] [[SERIAL]] HMS data received: [{'attr': 50370048, 'code': 196609, 'ts_boot': 1232165460, 'ts_unix': '20260914092151'}, {'attr': 50374400, 'code': 196609, 'ts_boot': 1236825257, 'ts_unix': '20260914103931'}]
2026-09-13 22:12:45,203 DEBUG [backend.app.services.bambu_mqtt] [-] [[SERIAL]] lights_report: [{'mode': 'on', 'node': 'chamber_light'}, {'mode': 'flashing', 'node': 'work_light'}, {'mode': 'on', 'node': 'chamber_light2'}]
2026-09-13 22:12:45,203 DEBUG [backend.app.services.bambu_mqtt] [-] [[SERIAL]] MQTT mapping field: [259]
2026-09-13 22:12:45,204 DEBUG [backend.app.services.bambu_mqtt] [-] [[SERIAL]] gcode_state: RUNNING -> RUNNING, file: /data/Metadata/plate_1.gcode, subtask: Fidget_Wobble8_-_two_sizes
2026-09-13 22:12:45,914 DEBUG [backend.app.services.virtual_printer.ssdp_server] [128f88d4] Sent SSDP NOTIFY for [PRINTER]-Virtual (Location=[IP], USN=09400A391800001, bind=[IP])
2026-09-13 22:12:46,593 DEBUG [backend.app.services.bambu_mqtt] [-] [[SERIAL]] Found xcam inside print data: {'allow_skip_parts': False, 'buildplate_marker_detector': True, 'cfg': 8088727, 'first_layer_inspector': True, 'halt_print_sensitivity': 'medium', 'print_halt': True, 'printing_monitor': True, 'spaghetti_detector': True}
2026-09-13 22:12:46,593 DEBUG [backend.app.services.bambu_mqtt] [-] [[SERIAL]] Parsing xcam data - all fields: ['allow_skip_parts', 'buildplate_marker_detector', 'cfg', 'first_layer_inspector', 'halt_print_sensitivity', 'print_halt', 'printing_monitor', 'spaghetti_detector']
2026-09-13 22:12:46,594 DEBUG [backend.app.services.bambu_mqtt] [-] [[SERIAL]] xcam cfg bitmask: 8088727 (binary: 0b11110110110110010010111)
2026-09-13 22:12:46,594 DEBUG [backend.app.services.bambu_mqtt] [-] [[SERIAL]] Received gcode_state: RUNNING, gcode_file: /data/Metadata/plate_1.gcode, subtask_name: Fidget_Wobble8_-_two_sizes
2026-09-13 22:12:46,595 DEBUG [backend.app.services.bambu_mqtt] [-] [[SERIAL]] Received command response: push_status
2026-09-13 22:12:46,596 DEBUG [backend.app.services.bambu_mqtt] [-] [[SERIAL]] HMS data received: [{'attr': 50370048, 'code': 196609, 'ts_boot': 1232165460, 'ts_unix': '20260914092151'}, {'attr': 50374400, 'code': 196609, 'ts_boot': 1236825257, 'ts_unix': '20260914103931'}]
2026-09-13 22:12:46,596 DEBUG [backend.app.services.bambu_mqtt] [-] [[SERIAL]] ipcam field: {'agora_service': 'disable', 'brtc_service': 'enable', 'bs_state': 0, 'cap_pic_enable': 'invalid', 'current_liveview': 4, 'ipcam_dev': '1', 'ipcam_record': 'enable', 'laser_preview_res': 5, 'liveview_preview': True, 'mode_bits': 2, 'resolution': '1080p', 'rtsp_url': 'rtsps://[IP]:322/streaming/live/1', 'support_liveview_cams': [4], 'timelapse': 'disable', 'tl_external_free_kb': 34629248, 'tl_external_total_kb': 125308032, 'tl_internal_free_kb': 0, 'tl_internal_total_kb': 0, 'tl_store_hpd_type': 2, 'tl_store_path_type': 2, 'tutk_server': 'disable'}
2026-09-13 22:12:46,597 DEBUG [backend.app.services.bambu_mqtt] [-] [[SERIAL]] lights_report: [{'mode': 'on', 'node': 'chamber_light'}, {'mode': 'flashing', 'node': 'work_light'}, {'mode': 'on', 'node': 'chamber_light2'}]
2026-09-13 22:12:46,597 DEBUG [backend.app.services.bambu_mqtt] [-] [[SERIAL]] MQTT mapping field: [259]
2026-09-13 22:12:46,598 DEBUG [backend.app.services.bambu_mqtt] [-] [[SERIAL]] gcode_state: RUNNING -> RUNNING, file: /data/Metadata/plate_1.gcode, subtask: Fidget_Wobble8_-_two_sizes
2026-09-13 22:12:47,867 DEBUG [backend.app.services.bambu_mqtt] [-] [[SERIAL]] Found xcam inside print data: {'allow_skip_parts': False, 'buildplate_marker_detector': True, 'cfg': 8088727, 'first_layer_inspector': True, 'halt_print_sensitivity': 'medium', 'print_halt': True, 'printing_monitor': True, 'spaghetti_detector': True}
2026-09-13 22:12:47,868 DEBUG [backend.app.services.bambu_mqtt] [-] [[SERIAL]] Parsing xcam data - all fields: ['allow_skip_parts', 'buildplate_marker_detector', 'cfg', 'first_layer_inspector', 'halt_print_sensitivity', 'print_halt', 'printing_monitor', 'spaghetti_detector']
2026-09-13 22:12:47,868 DEBUG [backend.app.services.bambu_mqtt] [-] [[SERIAL]] xcam cfg bitmask: 8088727 (binary: 0b11110110110110010010111)
2026-09-13 22:12:47,869 DEBUG [backend.app.services.bambu_mqtt] [-] [[SERIAL]] Received gcode_state: RUNNING, gcode_file: /data/Metadata/plate_1.gcode, subtask_name: Fidget_Wobble8_-_two_sizes
2026-09-13 22:12:47,870 DEBUG [backend.app.services.bambu_mqtt] [-] [[SERIAL]] Received command response: push_status
2026-09-13 22:12:47,870 DEBUG [backend.app.services.bambu_mqtt] [-] [[SERIAL]] HMS data received: [{'attr': 50370048, 'code': 196609, 'ts_boot': 1232165460, 'ts_unix': '20260914092151'}, {'attr': 50374400, 'code': 196609, 'ts_boot': 1236825257, 'ts_unix': '20260914103931'}]
2026-09-13 22:12:47,871 DEBUG [backend.app.services.bambu_mqtt] [-] [[SERIAL]] lights_report: [{'mode': 'on', 'node': 'chamber_light'}, {'mode': 'flashing', 'node': 'work_light'}, {'mode': 'on', 'node': 'chamber_light2'}]
2026-09-13 22:12:47,872 DEBUG [backend.app.services.bambu_mqtt] [-] [[SERIAL]] MQTT mapping field: [259]
2026-09-13 22:12:47,878 DEBUG [backend.app.services.bambu_mqtt] [-] [[SERIAL]] gcode_state: RUNNING -> RUNNING, file: /data/Metadata/plate_1.gcode, subtask: Fidget_Wobble8_-_two_sizes
2026-09-13 22:12:49,234 DEBUG [backend.app.services.bambu_mqtt] [-] [[SERIAL]] Found xcam inside print data: {'allow_skip_parts': False, 'buildplate_marker_detector': True, 'cfg': 8088727, 'first_layer_inspector': True, 'halt_print_sensitivity': 'medium', 'print_halt': True, 'printing_monitor': True, 'spaghetti_detector': True}
2026-09-13 22:12:49,234 DEBUG [backend.app.services.bambu_mqtt] [-] [[SERIAL]] Parsing xcam data - all fields: ['allow_skip_parts', 'buildplate_marker_detector', 'cfg', 'first_layer_inspector', 'halt_print_sensitivity', 'print_halt', 'printing_monitor', 'spaghetti_detector']
2026-09-13 22:12:49,234 DEBUG [backend.app.services.bambu_mqtt] [-] [[SERIAL]] xcam cfg bitmask: 8088727 (binary: 0b11110110110110010010111)
2026-09-13 22:12:49,234 DEBUG [backend.app.services.bambu_mqtt] [-] [[SERIAL]] Received gcode_state: RUNNING, gcode_file: /data/Metadata/plate_1.gcode, subtask_name: Fidget_Wobble8_-_two_sizes
2026-09-13 22:12:49,235 DEBUG [backend.app.services.bambu_mqtt] [-] [[SERIAL]] Received command response: push_status
2026-09-13 22:12:49,236 DEBUG [backend.app.services.bambu_mqtt] [-] [[SERIAL]] HMS data received: [{'attr': 50370048, 'code': 196609, 'ts_boot': 1232165460, 'ts_unix': '20260914092151'}, {'attr': 50374400, 'code': 196609, 'ts_boot': 1236825257, 'ts_unix': '20260914103931'}]
2026-09-13 22:12:49,237 DEBUG [backend.app.services.bambu_mqtt] [-] [[SERIAL]] ipcam field: {'agora_service': 'disable', 'brtc_service': 'enable', 'bs_state': 0, 'cap_pic_enable': 'invalid', 'current_liveview': 4, 'ipcam_dev': '1', 'ipcam_record': 'enable', 'laser_preview_res': 5, 'liveview_preview': True, 'mode_bits': 2, 'resolution': '1080p', 'rtsp_url': 'rtsps://[IP]:322/streaming/live/1', 'support_liveview_cams': [4], 'timelapse': 'disable', 'tl_external_free_kb': 34627200, 'tl_external_total_kb': 125308032, 'tl_internal_free_kb': 0, 'tl_internal_total_kb': 0, 'tl_store_hpd_type': 2, 'tl_store_path_type': 2, 'tutk_server': 'disable'}
2026-09-13 22:12:49,237 DEBUG [backend.app.services.bambu_mqtt] [-] [[SERIAL]] lights_report: [{'mode': 'on', 'node': 'chamber_light'}, {'mode': 'flashing', 'node': 'work_light'}, {'mode': 'on', 'node': 'chamber_light2'}]
2026-09-13 22:12:49,238 DEBUG [backend.app.services.bambu_mqtt] [-] [[SERIAL]] MQTT mapping field: [259]
2026-09-13 22:12:49,238 DEBUG [backend.app.services.bambu_mqtt] [-] [[SERIAL]] gcode_state: RUNNING -> RUNNING, file: /data/Metadata/plate_1.gcode, subtask: Fidget_Wobble8_-_two_sizes
2026-09-13 22:12:50,634 DEBUG [backend.app.services.bambu_mqtt] [-] [[SERIAL]] Found xcam inside print data: {'allow_skip_parts': False, 'buildplate_marker_detector': True, 'cfg': 8088727, 'first_layer_inspector': True, 'halt_print_sensitivity': 'medium', 'print_halt': True, 'printing_monitor': True, 'spaghetti_detector': True}
2026-09-13 22:12:50,635 DEBUG [backend.app.services.bambu_mqtt] [-] [[SERIAL]] Parsing xcam data - all fields: ['allow_skip_parts', 'buildplate_marker_detector', 'cfg', 'first_layer_inspector', 'halt_print_sensitivity', 'print_halt', 'printing_monitor', 'spaghetti_detector']
2026-09-13 22:12:50,636 DEBUG [backend.app.services.bambu_mqtt] [-] [[SERIAL]] xcam cfg bitmask: 8088727 (binary: 0b11110110110110010010111)
2026-09-13 22:12:50,636 DEBUG [backend.app.services.bambu_mqtt] [-] [[SERIAL]] Received gcode_state: RUNNING, gcode_file: /data/Metadata/plate_1.gcode, subtask_name: Fidget_Wobble8_-_two_sizes
2026-09-13 22:12:50,638 DEBUG [backend.app.services.bambu_mqtt] [-] [[SERIAL]] Received command response: push_status
2026-09-13 22:12:50,639 DEBUG [backend.app.services.bambu_mqtt] [-] [[SERIAL]] HMS data received: [{'attr': 50370048, 'code': 196609, 'ts_boot': 1232165460, 'ts_unix': '20260914092151'}, {'attr': 50374400, 'code': 196609, 'ts_boot': 1236825257, 'ts_unix': '20260914103931'}]
2026-09-13 22:12:50,640 DEBUG [backend.app.services.bambu_mqtt] [-] [[SERIAL]] ipcam field: {'agora_service': 'disable', 'brtc_service': 'enable', 'bs_state': 0, 'cap_pic_enable': 'invalid', 'current_liveview': 4, 'ipcam_dev': '1', 'ipcam_record': 'enable', 'laser_preview_res': 5, 'liveview_preview': True, 'mode_bits': 2, 'resolution': '1080p', 'rtsp_url': 'rtsps://[IP]:322/streaming/live/1', 'support_liveview_cams': [4], 'timelapse': 'disable', 'tl_external_free_kb': 34625152, 'tl_external_total_kb': 125308032, 'tl_internal_free_kb': 0, 'tl_internal_total_kb': 0, 'tl_store_hpd_type': 2, 'tl_store_path_type': 2, 'tutk_server': 'disable'}
2026-09-13 22:12:50,640 DEBUG [backend.app.services.bambu_mqtt] [-] [[SERIAL]] lights_report: [{'mode': 'on', 'node': 'chamber_light'}, {'mode': 'flashing', 'node': 'work_light'}, {'mode': 'on', 'node': 'chamber_light2'}]
2026-09-13 22:12:50,641 DEBUG [backend.app.services.bambu_mqtt] [-] [[SERIAL]] MQTT mapping field: [259]
2026-09-13 22:12:50,641 DEBUG [backend.app.services.bambu_mqtt] [-] [[SERIAL]] gcode_state: RUNNING -> RUNNING, file: /data/Metadata/plate_1.gcode, subtask: Fidget_Wobble8_-_two_sizes
2026-09-13 22:12:51,920 DEBUG [backend.app.services.bambu_mqtt] [-] [[SERIAL]] Found xcam inside print data: {'allow_skip_parts': False, 'buildplate_marker_detector': True, 'cfg': 8088727, 'first_layer_inspector': True, 'halt_print_sensitivity': 'medium', 'print_halt': True, 'printing_monitor': True, 'spaghetti_detector': True}
2026-09-13 22:12:51,921 DEBUG [backend.app.services.bambu_mqtt] [-] [[SERIAL]] Parsing xcam data - all fields: ['allow_skip_parts', 'buildplate_marker_detector', 'cfg', 'first_layer_inspector', 'halt_print_sensitivity', 'print_halt', 'printing_monitor', 'spaghetti_detector']
2026-09-13 22:12:51,922 DEBUG [backend.app.services.bambu_mqtt] [-] [[SERIAL]] xcam cfg bitmask: 8088727 (binary: 0b11110110110110010010111)
2026-09-13 22:12:51,922 DEBUG [backend.app.services.bambu_mqtt] [-] [[SERIAL]] Received gcode_state: RUNNING, gcode_file: /data/Metadata/plate_1.gcode, subtask_name: Fidget_Wobble8_-_two_sizes
2026-09-13 22:12:51,923 DEBUG [backend.app.services.bambu_mqtt] [-] [[SERIAL]] Received command response: push_status
2026-09-13 22:12:51,923 DEBUG [backend.app.services.bambu_mqtt] [-] [[SERIAL]] HMS data received: [{'attr': 50370048, 'code': 196609, 'ts_boot': 1232165460, 'ts_unix': '20260914092151'}, {'attr': 50374400, 'code': 196609, 'ts_boot': 1236825257, 'ts_unix': '20260914103931'}]
2026-09-13 22:12:51,924 DEBUG [backend.app.services.bambu_mqtt] [-] [[SERIAL]] lights_report: [{'mode': 'on', 'node': 'chamber_light'}, {'mode': 'flashing', 'node': 'work_light'}, {'mode': 'on', 'node': 'chamber_light2'}]
2026-09-13 22:12:51,924 DEBUG [backend.app.services.bambu_mqtt] [-] [[SERIAL]] MQTT mapping field: [259]
2026-09-13 22:12:51,924 DEBUG [backend.app.services.bambu_mqtt] [-] [[SERIAL]] gcode_state: RUNNING -> RUNNING, file: /data/Metadata/plate_1.gcode, subtask: Fidget_Wobble8_-_two_sizes
2026-09-13 22:12:53,222 DEBUG [backend.app.services.bambu_mqtt] [-] [[SERIAL]] Found xcam inside print data: {'allow_skip_parts': False, 'buildplate_marker_detector': True, 'cfg': 8088727, 'first_layer_inspector': True, 'halt_print_sensitivity': 'medium', 'print_halt': True, 'printing_monitor': True, 'spaghetti_detector': True}
2026-09-13 22:12:53,222 DEBUG [backend.app.services.bambu_mqtt] [-] [[SERIAL]] Parsing xcam data - all fields: ['allow_skip_parts', 'buildplate_marker_detector', 'cfg', 'first_layer_inspector', 'halt_print_sensitivity', 'print_halt', 'printing_monitor', 'spaghetti_detector']
2026-09-13 22:12:53,222 DEBUG [backend.app.services.bambu_mqtt] [-] [[SERIAL]] xcam cfg bitmask: 8088727 (binary: 0b11110110110110010010111)
2026-09-13 22:12:53,222 DEBUG [backend.app.services.bambu_mqtt] [-] [[SERIAL]] Received gcode_state: RUNNING, gcode_file: /data/Metadata/plate_1.gcode, subtask_name: Fidget_Wobble8_-_two_sizes
2026-09-13 22:12:53,224 DEBUG [backend.app.services.bambu_mqtt] [-] [[SERIAL]] Received command response: push_status
2026-09-13 22:12:53,225 DEBUG [backend.app.services.bambu_mqtt] [-] [[SERIAL]] HMS data received: [{'attr': 50370048, 'code': 196609, 'ts_boot': 1232165460, 'ts_unix': '20260914092151'}, {'attr': 50374400, 'code': 196609, 'ts_boot': 1236825257, 'ts_unix': '20260914103931'}]
2026-09-13 22:12:53,226 DEBUG [backend.app.services.bambu_mqtt] [-] [[SERIAL]] ipcam field: {'agora_service': 'disable', 'brtc_service': 'enable', 'bs_state': 0, 'cap_pic_enable': 'invalid', 'current_liveview': 4, 'ipcam_dev': '1', 'ipcam_record': 'enable', 'laser_preview_res': 5, 'liveview_preview': True, 'mode_bits': 2, 'resolution': '1080p', 'rtsp_url': 'rtsps://[IP]:322/streaming/live/1', 'support_liveview_cams': [4], 'timelapse': 'disable', 'tl_external_free_kb': 34623104, 'tl_external_total_kb': 125308032, 'tl_internal_free_kb': 0, 'tl_internal_total_kb': 0, 'tl_store_hpd_type': 2, 'tl_store_path_type': 2, 'tutk_server': 'disable'}
2026-09-13 22:12:53,226 DEBUG [backend.app.services.bambu_mqtt] [-] [[SERIAL]] lights_report: [{'mode': 'on', 'node': 'chamber_light'}, {'mode': 'flashing', 'node': 'work_light'}, {'mode': 'on', 'node': 'chamber_light2'}]
2026-09-13 22:12:53,227 DEBUG [backend.app.services.bambu_mqtt] [-] [[SERIAL]] MQTT mapping field: [259]
2026-09-13 22:12:53,227 DEBUG [backend.app.services.bambu_mqtt] [-] [[SERIAL]] gcode_state: RUNNING -> RUNNING, file: /data/Metadata/plate_1.gcode, subtask: Fidget_Wobble8_-_two_sizes
2026-09-13 22:12:54,612 DEBUG [backend.app.services.bambu_mqtt] [-] [[SERIAL]] Found xcam inside print data: {'allow_skip_parts': False, 'buildplate_marker_detector': True, 'cfg': 8088727, 'first_layer_inspector': True, 'halt_print_sensitivity': 'medium', 'print_halt': True, 'printing_monitor': True, 'spaghetti_detector': True}
2026-09-13 22:12:54,612 DEBUG [backend.app.services.bambu_mqtt] [-] [[SERIAL]] Parsing xcam data - all fields: ['allow_skip_parts', 'buildplate_marker_detector', 'cfg', 'first_layer_inspector', 'halt_print_sensitivity', 'print_halt', 'printing_monitor', 'spaghetti_detector']
2026-09-13 22:12:54,613 DEBUG [backend.app.services.bambu_mqtt] [-] [[SERIAL]] xcam cfg bitmask: 8088727 (binary: 0b11110110110110010010111)
2026-09-13 22:12:54,613 DEBUG [backend.app.services.bambu_mqtt] [-] [[SERIAL]] Received gcode_state: RUNNING, gcode_file: /data/Metadata/plate_1.gcode, subtask_name: Fidget_Wobble8_-_two_sizes
2026-09-13 22:12:54,614 DEBUG [backend.app.services.bambu_mqtt] [-] [[SERIAL]] Received command response: push_status
2026-09-13 22:12:54,615 DEBUG [backend.app.services.bambu_mqtt] [-] [[SERIAL]] HMS data received: [{'attr': 50370048, 'code': 196609, 'ts_boot': 1232165460, 'ts_unix': '20260914092151'}, {'attr': 50374400, 'code': 196609, 'ts_boot': 1236825257, 'ts_unix': '20260914103931'}]
2026-09-13 22:12:54,615 DEBUG [backend.app.services.bambu_mqtt] [-] [[SERIAL]] ipcam field: {'agora_service': 'disable', 'brtc_service': 'enable', 'bs_state': 0, 'cap_pic_enable': 'invalid', 'current_liveview': 4, 'ipcam_dev': '1', 'ipcam_record': 'enable', 'laser_preview_res': 5, 'liveview_preview': True, 'mode_bits': 2, 'resolution': '1080p', 'rtsp_url': 'rtsps://[IP]:322/streaming/live/1', 'support_liveview_cams': [4], 'timelapse': 'disable', 'tl_external_free_kb': 34621056, 'tl_external_total_kb': 125308032, 'tl_internal_free_kb': 0, 'tl_internal_total_kb': 0, 'tl_store_hpd_type': 2, 'tl_store_path_type': 2, 'tutk_server': 'disable'}
2026-09-13 22:12:54,616 DEBUG [backend.app.services.bambu_mqtt] [-] [[SERIAL]] lights_report: [{'mode': 'on', 'node': 'chamber_light'}, {'mode': 'flashing', 'node': 'work_light'}, {'mode': 'on', 'node': 'chamber_light2'}]
2026-09-13 22:12:54,617 DEBUG [backend.app.services.bambu_mqtt] [-] [[SERIAL]] MQTT mapping field: [259]
2026-09-13 22:12:54,617 DEBUG [backend.app.services.bambu_mqtt] [-] [[SERIAL]] gcode_state: RUNNING -> RUNNING, file: /data/Metadata/plate_1.gcode, subtask: Fidget_Wobble8_-_two_sizes
2026-09-13 22:12:55,888 DEBUG [backend.app.services.bambu_mqtt] [-] [[SERIAL]] Found xcam inside print data: {'allow_skip_parts': False, 'buildplate_marker_detector': True, 'cfg': 8088727, 'first_layer_inspector': True, 'halt_print_sensitivity': 'medium', 'print_halt': True, 'printing_monitor': True, 'spaghetti_detector': True}
2026-09-13 22:12:55,889 DEBUG [backend.app.services.bambu_mqtt] [-] [[SERIAL]] Parsing xcam data - all fields: ['allow_skip_parts', 'buildplate_marker_detector', 'cfg', 'first_layer_inspector', 'halt_print_sensitivity', 'print_halt', 'printing_monitor', 'spaghetti_detector']
2026-09-13 22:12:55,889 DEBUG [backend.app.services.bambu_mqtt] [-] [[SERIAL]] xcam cfg bitmask: 8088727 (binary: 0b11110110110110010010111)
2026-09-13 22:12:55,889 DEBUG [backend.app.services.bambu_mqtt] [-] [[SERIAL]] Received gcode_state: RUNNING, gcode_file: /data/Metadata/plate_1.gcode, subtask_name: Fidget_Wobble8_-_two_sizes
2026-09-13 22:12:55,889 DEBUG [backend.app.services.bambu_mqtt] [-] [[SERIAL]] AMS dict fields: {'ams_exist_bits': '3', 'ams_exist_bits_raw': '3', 'cali_id': 255, 'cali_stat': 0, 'cfs': [2, 9, 5, 7], 'insert_flag': True, 'power_on_flag': False, 'tray_exist_bits': 'fe', 'tray_hall_out_bits': '80', 'tray_is_bbl_bits': 'fe', 'tray_now': '3', 'tray_pre': '3', 'tray_read_done_bits': 'fe', 'tray_reading_bits': '0', 'tray_tar': '3', 'unbind_ams_stat': 0, 'version': 81213}
2026-09-13 22:12:55,890 DEBUG [backend.app.services.bambu_mqtt] [-] [[SERIAL]] Received command response: push_status
2026-09-13 22:12:55,890 DEBUG [backend.app.services.bambu_mqtt] [-] [[SERIAL]] HMS data received: [{'attr': 50370048, 'code': 196609, 'ts_boot': 1232165460, 'ts_unix': '20260914092151'}, {'attr': 50374400, 'code': 196609, 'ts_boot': 1236825257, 'ts_unix': '20260914103931'}]
2026-09-13 22:12:55,891 DEBUG [backend.app.services.bambu_mqtt] [-] [[SERIAL]] lights_report: [{'mode': 'on', 'node': 'chamber_light'}, {'mode': 'flashing', 'node': 'work_light'}, {'mode': 'on', 'node': 'chamber_light2'}]
2026-09-13 22:12:55,892 DEBUG [backend.app.services.bambu_mqtt] [-] [[SERIAL]] MQTT mapping field: [259]
2026-09-13 22:12:55,893 DEBUG [backend.app.services.bambu_mqtt] [-] [[SERIAL]] gcode_state: RUNNING -> RUNNING, file: /data/Metadata/plate_1.gcode, subtask: Fidget_Wobble8_-_two_sizes
2026-09-13 22:12:56,835 WARNING [backend.app.services.bambu_cloud] [f0e793fd] Bambu Cloud CSRF endpoint returned no bbl_csrf_token (status 403)
2026-09-13 22:12:56,836 INFO [uvicorn.access] [-] [IP]:60547 - "POST /api/v1/cloud/verify HTTP/1.1" 200
2026-09-13 22:12:57,105 DEBUG [backend.app.services.bambu_mqtt] [-] [[SERIAL]] Found xcam inside print data: {'allow_skip_parts': False, 'buildplate_marker_detector': True, 'cfg': 8088727, 'first_layer_inspector': True, 'halt_print_sensitivity': 'medium', 'print_halt': True, 'printing_monitor': True, 'spaghetti_detector': True}
2026-09-13 22:12:57,105 DEBUG [backend.app.services.bambu_mqtt] [-] [[SERIAL]] Parsing xcam data - all fields: ['allow_skip_parts', 'buildplate_marker_detector', 'cfg', 'first_layer_inspector', 'halt_print_sensitivity', 'print_halt', 'printing_monitor', 'spaghetti_detector']
2026-09-13 22:12:57,105 DEBUG [backend.app.services.bambu_mqtt] [-] [[SERIAL]] xcam cfg bitmask: 8088727 (binary: 0b11110110110110010010111)
2026-09-13 22:12:57,105 DEBUG [backend.app.services.bambu_mqtt] [-] [[SERIAL]] Received gcode_state: RUNNING, gcode_file: /data/Metadata/plate_1.gcode, subtask_name: Fidget_Wobble8_-_two_sizes
2026-09-13 22:12:57,106 DEBUG [backend.app.services.bambu_mqtt] [-] [[SERIAL]] AMS dict fields: {'ams_exist_bits': '3', 'ams_exist_bits_raw': '3', 'cali_id': 255, 'cali_stat': 0, 'cfs': [2, 9, 5, 7], 'insert_flag': True, 'power_on_flag': False, 'tray_exist_bits': 'fe', 'tray_hall_out_bits': '80', 'tray_is_bbl_bits': 'fe', 'tray_now': '3', 'tray_pre': '3', 'tray_read_done_bits': 'fe', 'tray_reading_bits': '0', 'tray_tar': '3', 'unbind_ams_stat': 0, 'version': 81214}
2026-09-13 22:12:57,106 DEBUG [backend.app.services.bambu_mqtt] [-] [[SERIAL]] Received command response: push_status
2026-09-13 22:12:57,107 DEBUG [backend.app.services.bambu_mqtt] [-] [[SERIAL]] HMS data received: [{'attr': 50370048, 'code': 196609, 'ts_boot': 1232165460, 'ts_unix': '20260914092151'}, {'attr': 50374400, 'code': 196609, 'ts_boot': 1236825257, 'ts_unix': '20260914103931'}]
2026-09-13 22:12:57,107 DEBUG [backend.app.services.bambu_mqtt] [-] [[SERIAL]] ipcam field: {'agora_service': 'disable', 'brtc_service': 'enable', 'bs_state': 0, 'cap_pic_enable': 'invalid', 'current_liveview': 4, 'ipcam_dev': '1', 'ipcam_record': 'enable', 'laser_preview_res': 5, 'liveview_preview': True, 'mode_bits': 2, 'resolution': '1080p', 'rtsp_url': 'rtsps://[IP]:322/streaming/live/1', 'support_liveview_cams': [4], 'timelapse': 'disable', 'tl_external_free_kb': 34619008, 'tl_external_total_kb': 125308032, 'tl_internal_free_kb': 0, 'tl_internal_total_kb': 0, 'tl_store_hpd_type': 2, 'tl_store_path_type': 2, 'tutk_server': 'disable'}
2026-09-13 22:12:57,107 DEBUG [backend.app.services.bambu_mqtt] [-] [[SERIAL]] lights_report: [{'mode': 'on', 'node': 'chamber_light'}, {'mode': 'flashing', 'node': 'work_light'}, {'mode': 'on', 'node': 'chamber_light2'}]
2026-09-13 22:12:57,108 DEBUG [backend.app.services.bambu_mqtt] [-] [[SERIAL]] MQTT mapping field: [259]
2026-09-13 22:12:57,108 DEBUG [backend.app.services.bambu_mqtt] [-] [[SERIAL]] gcode_state: RUNNING -> RUNNING, file: /data/Metadata/plate_1.gcode, subtask: Fidget_Wobble8_-_two_sizes
2026-09-13 22:12:58,576 DEBUG [backend.app.services.bambu_mqtt] [-] [[SERIAL]] Found xcam inside print data: {'allow_skip_parts': False, 'buildplate_marker_detector': True, 'cfg': 8088727, 'first_layer_inspector': True, 'halt_print_sensitivity': 'medium', 'print_halt': True, 'printing_monitor': True, 'spaghetti_detector': True}
2026-09-13 22:12:58,577 DEBUG [backend.app.services.bambu_mqtt] [-] [[SERIAL]] Parsing xcam data - all fields: ['allow_skip_parts', 'buildplate_marker_detector', 'cfg', 'first_layer_inspector', 'halt_print_sensitivity', 'print_halt', 'printing_monitor', 'spaghetti_detector']
2026-09-13 22:12:58,577 DEBUG [backend.app.services.bambu_mqtt] [-] [[SERIAL]] xcam cfg bitmask: 8088727 (binary: 0b11110110110110010010111)
2026-09-13 22:12:58,577 DEBUG [backend.app.services.bambu_mqtt] [-] [[SERIAL]] Received gcode_state: RUNNING, gcode_file: /data/Metadata/plate_1.gcode, subtask_name: Fidget_Wobble8_-_two_sizes
2026-09-13 22:12:58,578 DEBUG [backend.app.services.bambu_mqtt] [-] [[SERIAL]] Received command response: push_status
2026-09-13 22:12:58,579 DEBUG [backend.app.services.bambu_mqtt] [-] [[SERIAL]] info.temp direct: 41°C (heater OFF)
2026-09-13 22:12:58,581 DEBUG [backend.app.services.bambu_mqtt] [-] [[SERIAL]] Chamber heating calculated: target=0.0, current=41.0, heating=False, respect_local=False
2026-09-13 22:12:58,582 DEBUG [backend.app.services.bambu_mqtt] [-] [[SERIAL]] Chamber temp updated to: 41.0, target: 0.0, heating: False
2026-09-13 22:12:58,582 DEBUG [backend.app.services.bambu_mqtt] [-] [[SERIAL]] HMS data received: [{'attr': 50370048, 'code': 196609, 'ts_boot': 1232165460, 'ts_unix': '20260914092151'}, {'attr': 50374400, 'code': 196609, 'ts_boot': 1236825257, 'ts_unix': '20260914103931'}]
2026-09-13 22:12:58,582 DEBUG [backend.app.services.bambu_mqtt] [-] [[SERIAL]] ipcam field: {'agora_service': 'disable', 'brtc_service': 'enable', 'bs_state': 0, 'cap_pic_enable': 'invalid', 'current_liveview': 4, 'ipcam_dev': '1', 'ipcam_record': 'enable', 'laser_preview_res': 5, 'liveview_preview': True, 'mode_bits': 2, 'resolution': '1080p', 'rtsp_url': 'rtsps://[IP]:322/streaming/live/1', 'support_liveview_cams': [4], 'timelapse': 'disable', 'tl_external_free_kb': 34616960, 'tl_external_total_kb': 125308032, 'tl_internal_free_kb': 0, 'tl_internal_total_kb': 0, 'tl_store_hpd_type': 2, 'tl_store_path_type': 2, 'tutk_server': 'disable'}
2026-09-13 22:12:58,583 DEBUG [backend.app.services.bambu_mqtt] [-] [[SERIAL]] lights_report: [{'mode': 'on', 'node': 'chamber_light'}, {'mode': 'flashing', 'node': 'work_light'}, {'mode': 'on', 'node': 'chamber_light2'}]
2026-09-13 22:12:58,583 DEBUG [backend.app.services.bambu_mqtt] [-] [[SERIAL]] MQTT mapping field: [259]
2026-09-13 22:12:58,584 DEBUG [backend.app.services.bambu_mqtt] [-] [[SERIAL]] gcode_state: RUNNING -> RUNNING, file: /data/Metadata/plate_1.gcode, subtask: Fidget_Wobble8_-_two_sizes
2026-09-13 22:12:58,842 DEBUG [backend.app.api.routes.printers] [11299a83] API returning ams_mapping: [], ams_extruder_map: {}
2026-09-13 22:12:58,843 DEBUG [backend.app.api.routes.printers] [11299a83] Using tray_now directly as global ID: 7
2026-09-13 22:12:59,886 DEBUG [backend.app.services.bambu_mqtt] [-] [[SERIAL]] Found xcam inside print data: {'allow_skip_parts': False, 'buildplate_marker_detector': True, 'cfg': 8088727, 'first_layer_inspector': True, 'halt_print_sensitivity': 'medium', 'print_halt': True, 'printing_monitor': True, 'spaghetti_detector': True}
2026-09-13 22:12:59,887 DEBUG [backend.app.services.bambu_mqtt] [-] [[SERIAL]] Parsing xcam data - all fields: ['allow_skip_parts', 'buildplate_marker_detector', 'cfg', 'first_layer_inspector', 'halt_print_sensitivity', 'print_halt', 'printing_monitor', 'spaghetti_detector']
2026-09-13 22:12:59,888 DEBUG [backend.app.services.bambu_mqtt] [-] [[SERIAL]] xcam cfg bitmask: 8088727 (binary: 0b11110110110110010010111)
2026-09-13 22:12:59,888 DEBUG [backend.app.services.bambu_mqtt] [-] [[SERIAL]] Received gcode_state: RUNNING, gcode_file: /data/Metadata/plate_1.gcode, subtask_name: Fidget_Wobble8_-_two_sizes
2026-09-13 22:12:59,889 DEBUG [backend.app.services.bambu_mqtt] [-] [[SERIAL]] Received command response: push_status
2026-09-13 22:12:59,889 DEBUG [backend.app.services.bambu_mqtt] [-] [[SERIAL]] info.temp direct: 40°C (heater OFF)
2026-09-13 22:12:59,891 DEBUG [backend.app.services.bambu_mqtt] [-] [[SERIAL]] Chamber heating calculated: target=0.0, current=40.0, heating=False, respect_local=False
2026-09-13 22:12:59,891 DEBUG [backend.app.services.bambu_mqtt] [-] [[SERIAL]] Chamber temp updated to: 40.0, target: 0.0, heating: False
2026-09-13 22:12:59,892 DEBUG [backend.app.services.bambu_mqtt] [-] [[SERIAL]] HMS data received: [{'attr': 50370048, 'code': 196609, 'ts_boot': 1232165460, 'ts_unix': '20260914092151'}, {'attr': 50374400, 'code': 196609, 'ts_boot': 1236825257, 'ts_unix': '20260914103931'}]
2026-09-13 22:12:59,893 DEBUG [backend.app.services.bambu_mqtt] [-] [[SERIAL]] lights_report: [{'mode': 'on', 'node': 'chamber_light'}, {'mode': 'flashing', 'node': 'work_light'}, {'mode': 'on', 'node': 'chamber_light2'}]
2026-09-13 22:12:59,894 DEBUG [backend.app.services.bambu_mqtt] [-] [[SERIAL]] MQTT mapping field: [259]
2026-09-13 22:12:59,895 DEBUG [backend.app.services.bambu_mqtt] [-] [[SERIAL]] gcode_state: RUNNING -> RUNNING, file: /data/Metadata/plate_1.gcode, subtask: Fidget_Wobble8_-_two_sizes