2026-09-17 13:38:34,300 INFO [backend.app.services.location_ha_sensor_manager] [-] Home Assistant location-sensor poller started
2026-09-17 13:38:34,308 INFO [backend.app.services.print_scheduler] [-] Print scheduler started
2026-09-17 13:38:34,314 INFO [backend.app.services.notification_service] [-] Notification digest scheduler started
2026-09-17 13:38:34,314 INFO [backend.app.services.github_backup] [-] Starting GitHub backup scheduler
2026-09-17 13:38:34,314 INFO [backend.app.services.local_backup] [-] Starting local backup scheduler
2026-09-17 13:38:34,319 INFO [backend.app.services.obico_detection] [-] Starting Obico detection service
2026-09-17 13:38:34,319 INFO [backend.app.services.library_trash] [-] Starting library trash sweeper
2026-09-17 13:38:34,319 INFO [backend.app.services.archive_purge] [-] Starting archive auto-purge sweeper
2026-09-17 13:38:34,319 INFO [backend.app.main] [-] AMS history recording started
2026-09-17 13:38:34,319 INFO [backend.app.main] [-] Printer sensor history recording started
2026-09-17 13:38:34,319 INFO [backend.app.main] [-] Printer runtime tracking started
2026-09-17 13:38:34,319 INFO [backend.app.main] [-] SpoolBuddy watchdog started
2026-09-17 13:38:34,320 INFO [backend.app.main] [-] Camera stream cleanup started
2026-09-17 13:38:34,320 INFO [backend.app.main] [-] Printer connection watchdog started
2026-09-17 13:38:34,393 INFO [backend.app.services.bambu_mqtt] [-] [[SERIAL]] Firmware version: 01.02.00.00
2026-09-17 13:38:34,473 INFO [backend.app.main] [-] Expected prints cleanup started
2026-09-17 13:38:34,473 INFO [backend.app.main] [-] Auth periodic cleanup started
2026-09-17 13:38:34,474 INFO [backend.app.services.loop_watchdog] [-] Event-loop stall watchdog started — dumps all thread stacks to stderr if the loop stalls for more than 30s
2026-09-17 13:38:34,482 INFO [backend.app.services.bambu_mqtt] [-] [[SERIAL]] AMS Filament Backup: ON
2026-09-17 13:38:34,483 INFO [backend.app.services.bambu_mqtt] [-] [[SERIAL]] Detected dual-nozzle printer from device.extruder.info
2026-09-17 13:38:34,483 INFO [backend.app.services.bambu_mqtt] [-] [[SERIAL]] Device identification: no known id fields; device.keys=['airduct', 'bed', 'bed_temp', 'cam', 'ctc', 'ext_tool', 'extruder', 'fan', 'fila_switch', 'fourth_axis', 'holder', 'laser', 'nozzle', 'plate', 'screen', 'type']
2026-09-17 13:38:34,486 INFO [backend.app.main] [-] [Printer 1] Broadcasting AMS change via WebSocket
2026-09-17 13:38:34,487 INFO [backend.app.main] [-] [Printer 1] Broadcasting AMS change via WebSocket
2026-09-17 13:38:34,493 INFO [backend.app.services.bambu_mqtt] [-] [[SERIAL]] Requesting K-profiles for nozzle_diameter=0.4 (attempt 1/2, seq_id=3)
2026-09-17 13:38:34,496 INFO [root] [-] Virtual printer manager synced from database
2026-09-17 13:38:34,676 INFO [backend.app.services.bambu_mqtt] [-] [[SERIAL]] K-profile response: nozzle=0.4, seq_id=3, 1 profiles, matched=True
2026-09-17 13:38:34,676 INFO [backend.app.services.bambu_mqtt] [-] [[SERIAL]] Got 1 K-profiles for nozzle=0.4
2026-09-17 13:38:34,677 INFO [backend.app.services.bambu_mqtt] [-] [[SERIAL]] Got 1 K-profiles for nozzle=0.4 on attempt 1
2026-09-17 13:38:34,677 INFO [backend.app.main] [-] [Printer 1] Primed K-profile table for nozzle 0.4: 1 profiles
INFO:     [IP]:50641 - "POST /api/v1/auth/ws-token HTTP/1.1" 200 OK
2026-09-17 13:38:35,754 INFO [uvicorn.access] [-] [IP]:50641 - "POST /api/v1/auth/ws-token HTTP/1.1" 200
2026-09-17 13:38:35,941 INFO [backend.app.api.routes.websocket] [-] WebSocket client connecting (principal=[USER])
2026-09-17 13:38:35,944 INFO [backend.app.api.routes.websocket] [-] WebSocket client connected
2026-09-17 13:38:35,945 INFO [backend.app.api.routes.websocket] [-] Sent initial status for 1 printers
2026-09-17 13:38:36,121 INFO [backend.app.api.routes.cloud] [b32574f1] get_filament_info called with 1 IDs: ['GFB00']
INFO:     [IP]:50643 - "POST /api/v1/cloud/filament-info HTTP/1.1" 200 OK
2026-09-17 13:38:36,131 INFO [uvicorn.access] [-] [IP]:50643 - "POST /api/v1/cloud/filament-info HTTP/1.1" 200
INFO:     [IP]:48854 - "POST /api/v1/auth/ws-token HTTP/1.1" 200 OK
2026-09-17 13:38:36,779 INFO [uvicorn.access] [-] [IP]:48854 - "POST /api/v1/auth/ws-token HTTP/1.1" 200
2026-09-17 13:38:36,864 INFO [backend.app.api.routes.websocket] [-] WebSocket client connecting (principal=[USER])
2026-09-17 13:38:36,867 INFO [backend.app.api.routes.websocket] [-] WebSocket client connected
2026-09-17 13:38:36,867 INFO [backend.app.api.routes.websocket] [-] Sent initial status for 1 printers
2026-09-17 13:38:37,063 INFO [backend.app.api.routes.cloud] [86154fe4] get_filament_info called with 1 IDs: ['GFB00']
INFO:     [IP]:48854 - "POST /api/v1/cloud/filament-info HTTP/1.1" 200 OK
2026-09-17 13:38:37,065 INFO [uvicorn.access] [-] [IP]:48854 - "POST /api/v1/cloud/filament-info HTTP/1.1" 200
2026-09-17 13:38:44,500 INFO [backend.app.main] [-] Recorded 2 AMS sensor history entries
2026-09-17 13:38:51,293 INFO [backend.app.api.routes.websocket] [-] WebSocket client disconnected normally
INFO:     [IP]:48510 - "POST /api/v1/printers/camera/stream-token HTTP/1.1" 200 OK
2026-09-17 13:38:51,747 INFO [uvicorn.access] [-] [IP]:48510 - "POST /api/v1/printers/camera/stream-token HTTP/1.1" 200
INFO:     [IP]:48478 - "POST /api/v1/auth/ws-token HTTP/1.1" 200 OK
2026-09-17 13:38:51,966 INFO [uvicorn.access] [-] [IP]:48478 - "POST /api/v1/auth/ws-token HTTP/1.1" 200
2026-09-17 13:38:52,443 INFO [backend.app.api.routes.websocket] [-] WebSocket client connecting (principal=[USER])
2026-09-17 13:38:52,456 INFO [backend.app.api.routes.websocket] [-] WebSocket client connected
2026-09-17 13:38:52,457 INFO [backend.app.api.routes.websocket] [-] Sent initial status for 1 printers
2026-09-17 13:38:52,716 INFO [backend.app.api.routes.cloud] [f12ad6b8] get_filament_info called with 1 IDs: ['GFB00']
INFO:     [IP]:48510 - "POST /api/v1/cloud/filament-info HTTP/1.1" 200 OK
2026-09-17 13:38:52,717 INFO [uvicorn.access] [-] [IP]:48510 - "POST /api/v1/cloud/filament-info HTTP/1.1" 200
2026-09-17 13:40:35,869 INFO [backend.app.api.routes.websocket] [-] WebSocket client disconnected normally
2026-09-17 13:40:35,889 INFO [backend.app.api.routes.websocket] [-] WebSocket client disconnected normally
2026-09-17 13:40:35,960 INFO [backend.app.services.print_scheduler] [-] Print scheduler stopped
2026-09-17 13:40:35,962 INFO [backend.app.services.smart_plug_manager] [-] Smart plug scheduler stopped
2026-09-17 13:40:35,963 INFO [backend.app.services.smart_plug_manager] [-] Smart plug energy snapshot loop stopped
2026-09-17 13:40:35,964 INFO [backend.app.services.ha_sensor_manager] [-] Home Assistant sensor poller stopped
2026-09-17 13:40:35,965 INFO [backend.app.services.location_ha_sensor_manager] [-] Home Assistant location-sensor poller stopped
2026-09-17 13:40:35,966 INFO [backend.app.services.notification_service] [-] Notification digest scheduler stopped
2026-09-17 13:40:35,967 INFO [backend.app.services.github_backup] [-] Stopped GitHub backup scheduler
2026-09-17 13:40:35,968 INFO [backend.app.services.local_backup] [-] Stopped local backup scheduler
2026-09-17 13:40:35,969 INFO [backend.app.services.library_trash] [-] Stopped library trash sweeper
2026-09-17 13:40:35,970 INFO [backend.app.services.archive_purge] [-] Stopped archive auto-purge sweeper
2026-09-17 13:40:35,971 INFO [backend.app.services.obico_detection] [-] Stopped Obico detection service
2026-09-17 13:40:35,981 INFO [backend.app.main] [-] AMS history recording stopped
2026-09-17 13:40:35,982 INFO [backend.app.main] [-] Printer sensor history recording stopped
2026-09-17 13:40:35,983 INFO [backend.app.main] [-] Printer runtime tracking stopped
2026-09-17 13:40:35,985 INFO [backend.app.main] [-] SpoolBuddy watchdog stopped
2026-09-17 13:40:35,987 INFO [backend.app.main] [-] Camera stream cleanup stopped
2026-09-17 13:40:35,988 INFO [backend.app.main] [-] Printer connection watchdog stopped
2026-09-17 13:40:35,989 INFO [backend.app.services.loop_watchdog] [-] Event-loop stall watchdog stopped
2026-09-17 13:40:35,990 INFO [backend.app.main] [-] Expected prints cleanup stopped
2026-09-17 13:40:35,991 INFO [backend.app.main] [-] Auth periodic cleanup stopped
2026-09-17 13:40:35,995 INFO [backend.app.services.virtual_printer.manager] [-] Stopping all virtual printer services...
2026-09-17 13:40:35,996 INFO [backend.app.services.virtual_printer.manager] [-] All virtual printer services stopped
2026-09-17 13:40:36,000 INFO [root] [-] WAL checkpoint completed
2026-09-17 13:41:19,249 INFO [root] [-] Logging to file: /Users/[user]/bambuddy/logs/bambuddy.log
2026-09-17 13:41:19,250 INFO [root] [-] Bambuddy starting - debug=False, log_level=INFO
2026-09-17 13:41:23,321 INFO [backend.app.services.mqtt_relay] [-] MQTT relay disabled
2026-09-17 13:41:24,354 INFO [backend.app.services.smart_plug_manager] [-] Smart plug scheduler started
2026-09-17 13:41:24,354 INFO [backend.app.services.smart_plug_manager] [-] Smart plug energy snapshot loop started
2026-09-17 13:41:24,354 INFO [backend.app.services.ha_sensor_manager] [-] Home Assistant sensor poller started
2026-09-17 13:41:24,355 INFO [backend.app.services.location_ha_sensor_manager] [-] Home Assistant location-sensor poller started
2026-09-17 13:41:24,361 INFO [backend.app.services.print_scheduler] [-] Print scheduler started
2026-09-17 13:41:24,366 INFO [backend.app.services.notification_service] [-] Notification digest scheduler started
2026-09-17 13:41:24,367 INFO [backend.app.services.github_backup] [-] Starting GitHub backup scheduler
2026-09-17 13:41:24,367 INFO [backend.app.services.local_backup] [-] Starting local backup scheduler
2026-09-17 13:41:24,373 INFO [backend.app.services.obico_detection] [-] Starting Obico detection service
2026-09-17 13:41:24,373 INFO [backend.app.services.library_trash] [-] Starting library trash sweeper
2026-09-17 13:41:24,373 INFO [backend.app.services.archive_purge] [-] Starting archive auto-purge sweeper
2026-09-17 13:41:24,373 INFO [backend.app.main] [-] AMS history recording started
2026-09-17 13:41:24,373 INFO [backend.app.main] [-] Printer sensor history recording started
2026-09-17 13:41:24,373 INFO [backend.app.main] [-] Printer runtime tracking started
2026-09-17 13:41:24,373 INFO [backend.app.main] [-] SpoolBuddy watchdog started
2026-09-17 13:41:24,374 INFO [backend.app.main] [-] Camera stream cleanup started
2026-09-17 13:41:24,374 INFO [backend.app.main] [-] Printer connection watchdog started
2026-09-17 13:41:24,596 INFO [backend.app.main] [-] Expected prints cleanup started
2026-09-17 13:41:24,597 INFO [backend.app.main] [-] Auth periodic cleanup started
2026-09-17 13:41:24,597 INFO [backend.app.services.loop_watchdog] [-] Event-loop stall watchdog started — dumps all thread stacks to stderr if the loop stalls for more than 30s
2026-09-17 13:41:24,608 INFO [root] [-] Virtual printer manager synced from database
2026-09-17 13:41:24,670 INFO [backend.app.services.bambu_mqtt] [-] [[SERIAL]] Request topic subscription accepted. ams_mapping capture enabled for slicer-initiated prints.
2026-09-17 13:41:25,000 INFO [backend.app.services.bambu_mqtt] [-] [[SERIAL]] Firmware version: 01.02.00.00
INFO:     [IP]:50706 - "POST /api/v1/auth/ws-token HTTP/1.1" 200 OK
2026-09-17 13:41:25,562 INFO [uvicorn.access] [-] [IP]:50706 - "POST /api/v1/auth/ws-token HTTP/1.1" 200
2026-09-17 13:41:25,728 INFO [backend.app.services.bambu_mqtt] [-] [[SERIAL]] AMS Filament Backup: ON
2026-09-17 13:41:25,728 INFO [backend.app.services.bambu_mqtt] [-] [[SERIAL]] Detected dual-nozzle printer from device.extruder.info
2026-09-17 13:41:25,729 INFO [backend.app.services.bambu_mqtt] [-] [[SERIAL]] Device identification: no known id fields; device.keys=['airduct', 'bed', 'bed_temp', 'cam', 'ctc', 'ext_tool', 'extruder', 'fan', 'fila_switch', 'fourth_axis', 'holder', 'laser', 'nozzle', 'plate', 'screen', 'type']
2026-09-17 13:41:25,735 INFO [backend.app.main] [-] [Printer 1] Broadcasting AMS change via WebSocket
2026-09-17 13:41:25,736 INFO [backend.app.main] [-] [Printer 1] Broadcasting AMS change via WebSocket
2026-09-17 13:41:25,743 INFO [backend.app.services.bambu_mqtt] [-] [[SERIAL]] Requesting K-profiles for nozzle_diameter=0.4 (attempt 1/2, seq_id=3)
INFO:     [IP]:59840 - "POST /api/v1/printers/camera/stream-token HTTP/1.1" 200 OK
2026-09-17 13:41:25,829 INFO [uvicorn.access] [-] [IP]:59840 - "POST /api/v1/printers/camera/stream-token HTTP/1.1" 200
2026-09-17 13:41:25,836 INFO [backend.app.api.routes.websocket] [-] WebSocket client connecting (principal=[USER])
2026-09-17 13:41:25,855 INFO [backend.app.api.routes.websocket] [-] WebSocket client connected
2026-09-17 13:41:25,855 INFO [backend.app.api.routes.websocket] [-] Sent initial status for 1 printers
INFO:     [IP]:59854 - "POST /api/v1/auth/ws-token HTTP/1.1" 200 OK
2026-09-17 13:41:25,865 INFO [uvicorn.access] [-] [IP]:59854 - "POST /api/v1/auth/ws-token HTTP/1.1" 200
2026-09-17 13:41:25,912 INFO [backend.app.services.bambu_mqtt] [-] [[SERIAL]] K-profile response: nozzle=0.4, seq_id=3, 1 profiles, matched=True
2026-09-17 13:41:25,913 INFO [backend.app.services.bambu_mqtt] [-] [[SERIAL]] Got 1 K-profiles for nozzle=0.4
2026-09-17 13:41:25,913 INFO [backend.app.services.bambu_mqtt] [-] [[SERIAL]] Got 1 K-profiles for nozzle=0.4 on attempt 1
2026-09-17 13:41:25,913 INFO [backend.app.main] [-] [Printer 1] Primed K-profile table for nozzle 0.4: 1 profiles
2026-09-17 13:41:26,285 INFO [backend.app.api.routes.websocket] [-] WebSocket client connecting (principal=[USER])
2026-09-17 13:41:26,300 INFO [backend.app.api.routes.websocket] [-] WebSocket client connected
2026-09-17 13:41:26,301 INFO [backend.app.api.routes.websocket] [-] Sent initial status for 1 printers
2026-09-17 13:41:27,779 INFO [backend.app.api.routes.cloud] [bcda72bd] get_filament_info called with 1 IDs: ['GFB00']
INFO:     [IP]:59824 - "POST /api/v1/cloud/filament-info HTTP/1.1" 200 OK
2026-09-17 13:41:27,785 INFO [uvicorn.access] [-] [IP]:59824 - "POST /api/v1/cloud/filament-info HTTP/1.1" 200
2026-09-17 13:41:34,631 INFO [backend.app.main] [-] Recorded 2 AMS sensor history entries
2026-09-17 13:43:30,784 INFO [backend.app.api.routes.websocket] [-] WebSocket client disconnected normally
2026-09-17 13:46:34,625 INFO [backend.app.main] [-] Recorded 2 AMS sensor history entries
2026-09-17 13:48:31,920 INFO [backend.app.services.bambu_mqtt] [-] [[SERIAL]] Request topic subscription accepted. ams_mapping capture enabled for slicer-initiated prints.
INFO:     [IP]:50724 - "POST /api/v1/printers/1/connect HTTP/1.1" 200 OK
2026-09-17 13:48:32,220 INFO [uvicorn.access] [-] [IP]:50724 - "POST /api/v1/printers/1/connect HTTP/1.1" 200
2026-09-17 13:48:32,333 INFO [backend.app.services.bambu_mqtt] [-] [[SERIAL]] Firmware version: 01.02.00.00
2026-09-17 13:48:33,026 INFO [backend.app.services.bambu_mqtt] [-] [[SERIAL]] AMS Filament Backup: ON
2026-09-17 13:48:33,026 INFO [backend.app.services.bambu_mqtt] [-] [[SERIAL]] Detected dual-nozzle printer from device.extruder.info
2026-09-17 13:48:33,027 INFO [backend.app.services.bambu_mqtt] [-] [[SERIAL]] Device identification: no known id fields; device.keys=['airduct', 'bed', 'bed_temp', 'cam', 'ctc', 'ext_tool', 'extruder', 'fan', 'fila_switch', 'fourth_axis', 'holder', 'laser', 'nozzle', 'plate', 'screen', 'type']
2026-09-17 13:48:33,028 INFO [backend.app.main] [-] [Printer 1] Broadcasting AMS change via WebSocket
2026-09-17 13:48:33,029 INFO [backend.app.main] [-] [Printer 1] Broadcasting AMS change via WebSocket
2026-09-17 13:48:33,159 INFO [backend.app.api.routes.cloud] [5236412d] get_filament_info called with 1 IDs: ['GFB00']
INFO:     [IP]:50724 - "POST /api/v1/cloud/filament-info HTTP/1.1" 200 OK
2026-09-17 13:48:33,162 INFO [uvicorn.access] [-] [IP]:50724 - "POST /api/v1/cloud/filament-info HTTP/1.1" 200
2026-09-17 13:51:34,622 INFO [backend.app.main] [-] Recorded 2 AMS sensor history entries
2026-09-17 13:52:24,802 INFO [backend.app.api.routes.support] [5ba474b4] Log level changed to DEBUG
2026-09-17 13:52:24,802 INFO [backend.app.api.routes.bug_report] [5ba474b4] Bug report: enabled debug logging
2026-09-17 13:52:24,803 DEBUG [backend.app.services.bambu_mqtt] [5ba474b4] [[SERIAL]] Requesting status update (pushall)
INFO:     [IP]:50740 - "POST /api/v1/bug-report/start-logging HTTP/1.1" 200 OK
2026-09-17 13:52:24,804 INFO [uvicorn.access] [-] [IP]:50740 - "POST /api/v1/bug-report/start-logging HTTP/1.1" 200
2026-09-17 13:52:24,962 DEBUG [backend.app.services.bambu_mqtt] [-] [[SERIAL]] Found xcam inside print data: {'allow_skip_parts': False, 'buildplate_marker_detector': True, 'cfg': 8086679, 'first_layer_inspector': True, 'halt_print_sensitivity': 'medium', 'print_halt': True, 'printing_monitor': True, 'spaghetti_detector': True}
2026-09-17 13:52:24,962 DEBUG [backend.app.services.bambu_mqtt] [-] [[SERIAL]] Parsing xcam data - all fields: ['allow_skip_parts', 'buildplate_marker_detector', 'cfg', 'first_layer_inspector', 'halt_print_sensitivity', 'print_halt', 'printing_monitor', 'spaghetti_detector']
2026-09-17 13:52:24,962 DEBUG [backend.app.services.bambu_mqtt] [-] [[SERIAL]] xcam cfg bitmask: 8086679 (binary: 0b11110110110010010010111)
2026-09-17 13:52:24,963 DEBUG [backend.app.services.bambu_mqtt] [-] [[SERIAL]] Received gcode_state: IDLE, gcode_file: , subtask_name: 
2026-09-17 13:52:24,963 DEBUG [backend.app.services.bambu_mqtt] [-] [[SERIAL]] AMS dict fields: {'ams_exist_bits': '11', 'ams_exist_bits_raw': '11', 'cali_id': 255, 'cali_stat': 0, 'cfs': [], 'insert_flag': True, 'power_on_flag': False, 'tray_exist_bits': '2', 'tray_hall_out_bits': '0', 'tray_is_bbl_bits': '2', 'tray_now': '255', 'tray_pre': '255', 'tray_read_done_bits': '2', 'tray_reading_bits': '0', 'tray_tar': '255', 'unbind_ams_stat': 0, 'version': 215}
2026-09-17 13:52:24,963 DEBUG [backend.app.services.bambu_mqtt] [-] [[SERIAL]] tray_now updated: 255
2026-09-17 13:52:24,963 DEBUG [backend.app.services.bambu_mqtt] [-] [[SERIAL]] Merged AMS data: 2 new units, 2 total
2026-09-17 13:52:24,963 DEBUG [backend.app.services.bambu_mqtt] [-] [[SERIAL]] AMS 0 info=0x11001103 -> extruder 1
2026-09-17 13:52:24,963 DEBUG [backend.app.services.bambu_mqtt] [-] [[SERIAL]] AMS 128 info=0x10002004 -> extruder 0
2026-09-17 13:52:24,964 DEBUG [backend.app.services.bambu_mqtt] [-] [[SERIAL]] ams_extruder_map: {'0': 1, '128': 0}
2026-09-17 13:52:24,964 DEBUG [backend.app.services.bambu_mqtt] [-] [[SERIAL]] ams_status: 0 (main=0, sub=0)
2026-09-17 13:52:24,964 DEBUG [backend.app.services.bambu_mqtt] [-] [[SERIAL]] Received command response: push_status
2026-09-17 13:52:24,964 DEBUG [backend.app.services.bambu_mqtt] [-] [[SERIAL]] device.extruder.state=274 (switch_state bits 12-14: 0)
2026-09-17 13:52:24,964 DEBUG [backend.app.services.bambu_mqtt] [-] [[SERIAL]] info.temp direct: 25°C (heater OFF)
2026-09-17 13:52:24,965 DEBUG [backend.app.services.bambu_mqtt] [-] [[SERIAL]] ctc_info keys: ['temp']
2026-09-17 13:52:24,965 DEBUG [backend.app.services.bambu_mqtt] [-] [[SERIAL]] Chamber heating calculated: target=0.0, current=25.0, heating=False, respect_local=False
2026-09-17 13:52:24,965 DEBUG [backend.app.services.bambu_mqtt] [-] [[SERIAL]] Chamber temp updated to: 25.0, target: 0.0, heating: False
2026-09-17 13:52:24,965 DEBUG [backend.app.services.bambu_mqtt] [-] [[SERIAL]] HMS data received: []
2026-09-17 13:52:24,966 DEBUG [backend.app.services.bambu_mqtt] [-] [[SERIAL]] ipcam field: {'agora_service': 'disable', 'brtc_service': 'enable', 'bs_state': 0, 'cap_pic_enable': 'invalid', 'ipcam_dev': '1', 'ipcam_record': 'enable', 'laser_preview_res': 7, 'liveview_preview': True, 'mode_bits': 2, 'resolution': '1080p', 'rtsp_url': 'rtsps://[IP]:322/streaming/live/1', 'timelapse': 'disable', 'tl_external_free_kb': 148347328, 'tl_external_total_kb': 244157248, 'tl_internal_free_kb': 877951, 'tl_internal_total_kb': 962560, 'tl_store_hpd_type': 2, 'tl_store_path_type': 2, 'tutk_server': 'disable'}
2026-09-17 13:52:24,966 DEBUG [backend.app.services.bambu_mqtt] [-] [[SERIAL]] wifi_signal received: -42dBm
2026-09-17 13:52:24,966 DEBUG [backend.app.services.bambu_mqtt] [-] [[SERIAL]] lights_report: [{'mode': 'off', 'node': 'chamber_light'}, {'mode': 'flashing', 'node': 'work_light'}]
2026-09-17 13:52:24,966 DEBUG [backend.app.services.bambu_mqtt] [-] [[SERIAL]] MQTT mapping field: []
2026-09-17 13:52:24,967 DEBUG [backend.app.services.bambu_mqtt] [-] [[SERIAL]] gcode_state: IDLE -> IDLE, file: , subtask: 
2026-09-17 13:52:25,233 DEBUG [backend.app.services.print_scheduler] [-] Auto-drying: printer 1 — checking 2 AMS units
2026-09-17 13:52:25,233 DEBUG [backend.app.services.print_scheduler] [-] Auto-drying: printer 1 AMS 0 skipped — humidity 19 <= threshold 60
2026-09-17 13:52:25,233 DEBUG [backend.app.services.print_scheduler] [-] Auto-drying: printer 1 AMS 128 skipped — humidity 20 <= threshold 60
2026-09-17 13:52:25,998 DEBUG [backend.app.services.bambu_mqtt] [-] [[SERIAL]] Found xcam inside print data: {'allow_skip_parts': False, 'buildplate_marker_detector': True, 'cfg': 8086679, 'first_layer_inspector': True, 'halt_print_sensitivity': 'medium', 'print_halt': True, 'printing_monitor': True, 'spaghetti_detector': True}
2026-09-17 13:52:25,998 DEBUG [backend.app.services.bambu_mqtt] [-] [[SERIAL]] Parsing xcam data - all fields: ['allow_skip_parts', 'buildplate_marker_detector', 'cfg', 'first_layer_inspector', 'halt_print_sensitivity', 'print_halt', 'printing_monitor', 'spaghetti_detector']
2026-09-17 13:52:25,998 DEBUG [backend.app.services.bambu_mqtt] [-] [[SERIAL]] xcam cfg bitmask: 8086679 (binary: 0b11110110110010010010111)
2026-09-17 13:52:25,998 DEBUG [backend.app.services.bambu_mqtt] [-] [[SERIAL]] Received gcode_state: IDLE, gcode_file: , subtask_name: 
2026-09-17 13:52:25,999 DEBUG [backend.app.services.bambu_mqtt] [-] [[SERIAL]] ams_extruder_map: {'0': 1, '128': 0}
2026-09-17 13:52:25,999 DEBUG [backend.app.services.bambu_mqtt] [-] [[SERIAL]] Received command response: push_status
2026-09-17 13:52:25,999 DEBUG [backend.app.services.bambu_mqtt] [-] [[SERIAL]] HMS data received: []
2026-09-17 13:52:26,000 DEBUG [backend.app.services.bambu_mqtt] [-] [[SERIAL]] lights_report: [{'mode': 'off', 'node': 'chamber_light'}, {'mode': 'flashing', 'node': 'work_light'}]
2026-09-17 13:52:26,000 DEBUG [backend.app.services.bambu_mqtt] [-] [[SERIAL]] MQTT mapping field: []
2026-09-17 13:52:26,000 DEBUG [backend.app.services.bambu_mqtt] [-] [[SERIAL]] gcode_state: IDLE -> IDLE, file: , subtask: 
2026-09-17 13:52:27,298 DEBUG [backend.app.services.bambu_mqtt] [-] [[SERIAL]] Found xcam inside print data: {'allow_skip_parts': False, 'buildplate_marker_detector': True, 'cfg': 8086679, 'first_layer_inspector': True, 'halt_print_sensitivity': 'medium', 'print_halt': True, 'printing_monitor': True, 'spaghetti_detector': True}
2026-09-17 13:52:27,299 DEBUG [backend.app.services.bambu_mqtt] [-] [[SERIAL]] Parsing xcam data - all fields: ['allow_skip_parts', 'buildplate_marker_detector', 'cfg', 'first_layer_inspector', 'halt_print_sensitivity', 'print_halt', 'printing_monitor', 'spaghetti_detector']
2026-09-17 13:52:27,299 DEBUG [backend.app.services.bambu_mqtt] [-] [[SERIAL]] xcam cfg bitmask: 8086679 (binary: 0b11110110110010010010111)
2026-09-17 13:52:27,299 DEBUG [backend.app.services.bambu_mqtt] [-] [[SERIAL]] Received gcode_state: IDLE, gcode_file: , subtask_name: 
2026-09-17 13:52:27,299 DEBUG [backend.app.services.bambu_mqtt] [-] [[SERIAL]] ams_extruder_map: {'0': 1, '128': 0}
2026-09-17 13:52:27,299 DEBUG [backend.app.services.bambu_mqtt] [-] [[SERIAL]] Received command response: push_status
2026-09-17 13:52:27,300 DEBUG [backend.app.services.bambu_mqtt] [-] [[SERIAL]] HMS data received: []
2026-09-17 13:52:27,300 DEBUG [backend.app.services.bambu_mqtt] [-] [[SERIAL]] lights_report: [{'mode': 'off', 'node': 'chamber_light'}, {'mode': 'flashing', 'node': 'work_light'}]
2026-09-17 13:52:27,301 DEBUG [backend.app.services.bambu_mqtt] [-] [[SERIAL]] MQTT mapping field: []
2026-09-17 13:52:27,301 DEBUG [backend.app.services.bambu_mqtt] [-] [[SERIAL]] gcode_state: IDLE -> IDLE, file: , subtask: 